Component: ARM Compiler 5.06 update 7 (build 960) Tool: armlink [4d3601]

==============================================================================

Section Cross References

    startup_stm32l071xx.o(RESET) refers to startup_stm32l071xx.o(STACK) for __initial_sp
    startup_stm32l071xx.o(RESET) refers to startup_stm32l071xx.o(.text) for Reset_Handler
    startup_stm32l071xx.o(RESET) refers to stm32l0xx_it.o(i.NMI_Handler) for NMI_Handler
    startup_stm32l071xx.o(RESET) refers to stm32l0xx_it.o(i.HardFault_Handler) for HardFault_Handler
    startup_stm32l071xx.o(RESET) refers to stm32l0xx_it.o(i.SVC_Handler) for SVC_Handler
    startup_stm32l071xx.o(RESET) refers to stm32l0xx_it.o(i.PendSV_Handler) for PendSV_Handler
    startup_stm32l071xx.o(RESET) refers to stm32l0xx_it.o(i.SysTick_Handler) for SysTick_Handler
    startup_stm32l071xx.o(RESET) refers to stm32l0xx_it.o(i.USART1_IRQHandler) for USART1_IRQHandler
    startup_stm32l071xx.o(RESET) refers to stm32l0xx_it.o(i.USART2_IRQHandler) for USART2_IRQHandler
    startup_stm32l071xx.o(.text) refers to system_stm32l0xx.o(i.SystemInit) for SystemInit
    startup_stm32l071xx.o(.text) refers to entry.o(.ARM.Collect$$$$00000000) for __main
    main.o(i.SystemClock_Config) refers to memseta.o(.text) for __aeabi_memclr4
    main.o(i.SystemClock_Config) refers to stm32l0xx_hal_rcc.o(i.HAL_RCC_OscConfig) for HAL_RCC_OscConfig
    main.o(i.SystemClock_Config) refers to main.o(i.Error_Handler) for Error_Handler
    main.o(i.SystemClock_Config) refers to stm32l0xx_hal_rcc.o(i.HAL_RCC_ClockConfig) for HAL_RCC_ClockConfig
    main.o(i.SystemClock_Config) refers to stm32l0xx_hal_rcc_ex.o(i.HAL_RCCEx_PeriphCLKConfig) for HAL_RCCEx_PeriphCLKConfig
    main.o(i.main) refers to memseta.o(.text) for __aeabi_memclr4
    main.o(i.main) refers to stm32l0xx_hal.o(i.HAL_Init) for HAL_Init
    main.o(i.main) refers to main.o(i.SystemClock_Config) for SystemClock_Config
    main.o(i.main) refers to gpio.o(i.MX_GPIO_Init) for MX_GPIO_Init
    main.o(i.main) refers to i2c.o(i.MX_I2C1_Init) for MX_I2C1_Init
    main.o(i.main) refers to usart.o(i.MX_USART1_UART_Init) for MX_USART1_UART_Init
    main.o(i.main) refers to usart.o(i.MX_USART2_UART_Init) for MX_USART2_UART_Init
    main.o(i.main) refers to stm32l0xx_hal_uart.o(i.HAL_UART_Receive_IT) for HAL_UART_Receive_IT
    main.o(i.main) refers to sht30.o(i.SHT30_Reset) for SHT30_Reset
    main.o(i.main) refers to sht30.o(i.SHT30_Init) for SHT30_Init
    main.o(i.main) refers to printf1.o(i.__0printf$1) for __2printf
    main.o(i.main) refers to stm32l0xx_hal.o(i.HAL_Delay) for HAL_Delay
    main.o(i.main) refers to mcu_api.o(i.wifi_protocol_init) for wifi_protocol_init
    main.o(i.main) refers to mcu_api.o(i.mcu_set_wifi_mode) for mcu_set_wifi_mode
    main.o(i.main) refers to mcu_api.o(i.wifi_uart_service) for wifi_uart_service
    main.o(i.main) refers to mcu_api.o(i.mcu_get_wifi_work_state) for mcu_get_wifi_work_state
    main.o(i.main) refers to stm32l0xx_hal_gpio.o(i.HAL_GPIO_TogglePin) for HAL_GPIO_TogglePin
    main.o(i.main) refers to stm32l0xx_hal_gpio.o(i.HAL_GPIO_WritePin) for HAL_GPIO_WritePin
    main.o(i.main) refers to sht30.o(i.SHT30_Read_Dat) for SHT30_Read_Dat
    main.o(i.main) refers to sht30.o(i.SHT30_Dat_To_Float) for SHT30_Dat_To_Float
    main.o(i.main) refers to ffixui.o(.text) for __aeabi_f2uiz
    main.o(i.main) refers to printf1.o(i.__0sprintf$1) for __2sprintf
    main.o(i.main) refers to fmul.o(.text) for __aeabi_fmul
    main.o(i.main) refers to mcu_api.o(i.mcu_dp_value_update) for mcu_dp_value_update
    main.o(i.main) refers to main.o(.data) for uart_temp
    main.o(i.main) refers to usart.o(.bss) for huart1
    gpio.o(i.MX_GPIO_Init) refers to memseta.o(.text) for __aeabi_memclr4
    gpio.o(i.MX_GPIO_Init) refers to stm32l0xx_hal_gpio.o(i.HAL_GPIO_WritePin) for HAL_GPIO_WritePin
    gpio.o(i.MX_GPIO_Init) refers to stm32l0xx_hal_gpio.o(i.HAL_GPIO_Init) for HAL_GPIO_Init
    i2c.o(i.HAL_I2C_MspDeInit) refers to stm32l0xx_hal_gpio.o(i.HAL_GPIO_DeInit) for HAL_GPIO_DeInit
    i2c.o(i.HAL_I2C_MspInit) refers to memseta.o(.text) for __aeabi_memclr4
    i2c.o(i.HAL_I2C_MspInit) refers to stm32l0xx_hal_gpio.o(i.HAL_GPIO_Init) for HAL_GPIO_Init
    i2c.o(i.MX_I2C1_Init) refers to stm32l0xx_hal_i2c.o(i.HAL_I2C_Init) for HAL_I2C_Init
    i2c.o(i.MX_I2C1_Init) refers to main.o(i.Error_Handler) for Error_Handler
    i2c.o(i.MX_I2C1_Init) refers to stm32l0xx_hal_i2c_ex.o(i.HAL_I2CEx_ConfigAnalogFilter) for HAL_I2CEx_ConfigAnalogFilter
    i2c.o(i.MX_I2C1_Init) refers to stm32l0xx_hal_i2c_ex.o(i.HAL_I2CEx_ConfigDigitalFilter) for HAL_I2CEx_ConfigDigitalFilter
    i2c.o(i.MX_I2C1_Init) refers to i2c.o(.bss) for hi2c1
    usart.o(i.GetUsart2RxData) refers to usart.o(.bss) for Usart2RxData
    usart.o(i.GetUsart2RxDataLen) refers to usart.o(.data) for Usart2RxData_i
    usart.o(i.HAL_UART_MspDeInit) refers to stm32l0xx_hal_gpio.o(i.HAL_GPIO_DeInit) for HAL_GPIO_DeInit
[...]
    Removing stm32l0xx_hal_pwr_ex.o(i.HAL_PWREx_EnableFastWakeUp), (20 bytes).
    Removing stm32l0xx_hal_pwr_ex.o(i.HAL_PWREx_EnableLowPowerRunMode), (32 bytes).
    Removing stm32l0xx_hal_pwr_ex.o(i.HAL_PWREx_EnableUltraLowPower), (20 bytes).
    Removing stm32l0xx_hal_pwr_ex.o(i.HAL_PWREx_GetVoltageRange), (16 bytes).
    Removing stm32l0xx_hal_cortex.o(.rev16_text), (4 bytes).
    Removing stm32l0xx_hal_cortex.o(.revsh_text), (4 bytes).
    Removing stm32l0xx_hal_cortex.o(i.HAL_MPU_ConfigRegion), (84 bytes).
    Removing stm32l0xx_hal_cortex.o(i.HAL_MPU_Disable), (28 bytes).
    Removing stm32l0xx_hal_cortex.o(i.HAL_MPU_Enable), (48 bytes).
    Removing stm32l0xx_hal_cortex.o(i.HAL_NVIC_ClearPendingIRQ), (24 bytes).
    Removing stm32l0xx_hal_cortex.o(i.HAL_NVIC_DisableIRQ), (24 bytes).
    Removing stm32l0xx_hal_cortex.o(i.HAL_NVIC_GetPendingIRQ), (40 bytes).
    Removing stm32l0xx_hal_cortex.o(i.HAL_NVIC_GetPriority), (72 bytes).
    Removing stm32l0xx_hal_cortex.o(i.HAL_NVIC_SetPendingIRQ), (24 bytes).
    Removing stm32l0xx_hal_cortex.o(i.HAL_NVIC_SystemReset), (56 bytes).
    Removing stm32l0xx_hal_cortex.o(i.HAL_SYSTICK_CLKSourceConfig), (36 bytes).
    Removing stm32l0xx_hal_cortex.o(i.HAL_SYSTICK_Callback), (2 bytes).
    Removing stm32l0xx_hal_cortex.o(i.HAL_SYSTICK_IRQHandler), (8 bytes).
    Removing stm32l0xx_hal_tim.o(.rev16_text), (4 bytes).
    Removing stm32l0xx_hal_tim.o(.revsh_text), (4 bytes).
    Removing stm32l0xx_hal_tim_ex.o(.rev16_text), (4 bytes).
    Removing stm32l0xx_hal_tim_ex.o(.revsh_text), (4 bytes).
    Removing stm32l0xx_hal_uart.o(.rev16_text), (4 bytes).
    Removing stm32l0xx_hal_uart.o(.revsh_text), (4 bytes).
    Removing stm32l0xx_hal_uart.o(i.HAL_HalfDuplex_EnableReceiver), (70 bytes).
    Removing stm32l0xx_hal_uart.o(i.HAL_HalfDuplex_EnableTransmitter), (70 bytes).
    Removing stm32l0xx_hal_uart.o(i.HAL_HalfDuplex_Init), (128 bytes).
    Removing stm32l0xx_hal_uart.o(i.HAL_LIN_Init), (170 bytes).
    Removing stm32l0xx_hal_uart.o(i.HAL_LIN_SendBreak), (58 bytes).
    Removing stm32l0xx_hal_uart.o(i.HAL_MultiProcessor_DisableMuteMode), (54 bytes).
    Removing stm32l0xx_hal_uart.o(i.HAL_MultiProcessor_EnableMuteMode), (54 bytes).
    Removing stm32l0xx_hal_uart.o(i.HAL_MultiProcessor_EnterMuteMode), (14 bytes).
    Removing stm32l0xx_hal_uart.o(i.HAL_MultiProcessor_Init), (160 bytes).
    Removing stm32l0xx_hal_uart.o(i.HAL_UART_Abort), (196 bytes).
    Removing stm32l0xx_hal_uart.o(i.HAL_UART_AbortCpltCallback), (2 bytes).
    Removing stm32l0xx_hal_uart.o(i.HAL_UART_AbortReceive), (124 bytes).
    Removing stm32l0xx_hal_uart.o(i.HAL_UART_AbortReceiveCpltCallback), (2 bytes).
    Removing stm32l0xx_hal_uart.o(i.HAL_UART_AbortReceive_IT), (156 bytes).
    Removing stm32l0xx_hal_uart.o(i.HAL_UART_AbortTransmit), (92 bytes).
    Removing stm32l0xx_hal_uart.o(i.HAL_UART_AbortTransmitCpltCallback), (2 bytes).
    Removing stm32l0xx_hal_uart.o(i.HAL_UART_AbortTransmit_IT), (120 bytes).
    Removing stm32l0xx_hal_uart.o(i.HAL_UART_Abort_IT), (256 bytes).
    Removing stm32l0xx_hal_uart.o(i.HAL_UART_DMAPause), (122 bytes).
    Removing stm32l0xx_hal_uart.o(i.HAL_UART_DMAResume), (106 bytes).
    Removing stm32l0xx_hal_uart.o(i.HAL_UART_DMAStop), (144 bytes).
    Removing stm32l0xx_hal_uart.o(i.HAL_UART_DeInit), (70 bytes).
    Removing stm32l0xx_hal_uart.o(i.HAL_UART_GetError), (6 bytes).
    Removing stm32l0xx_hal_uart.o(i.HAL_UART_GetState), (12 bytes).
    Removing stm32l0xx_hal_uart.o(i.HAL_UART_MspDeInit), (2 bytes).
    Removing stm32l0xx_hal_uart.o(i.HAL_UART_MspInit), (2 bytes).
    Removing stm32l0xx_hal_uart.o(i.HAL_UART_Receive), (352 bytes).
    Removing stm32l0xx_hal_uart.o(i.HAL_UART_Receive_DMA), (232 bytes).
    Removing stm32l0xx_hal_uart.o(i.HAL_UART_RxCpltCallback), (2 bytes).
    Removing stm32l0xx_hal_uart.o(i.HAL_UART_RxHalfCpltCallback), (2 bytes).
    Removing stm32l0xx_hal_uart.o(i.HAL_UART_Transmit_DMA), (216 bytes).
    Removing stm32l0xx_hal_uart.o(i.HAL_UART_Transmit_IT), (156 bytes).
    Removing stm32l0xx_hal_uart.o(i.HAL_UART_TxHalfCpltCallback), (2 bytes).
    Removing stm32l0xx_hal_uart.o(i.UART_DMAError), (82 bytes).
    Removing stm32l0xx_hal_uart.o(i.UART_DMAReceiveCplt), (74 bytes).
    Removing stm32l0xx_hal_uart.o(i.UART_DMARxAbortCallback), (76 bytes).
    Removing stm32l0xx_hal_uart.o(i.UART_DMARxHalfCplt), (14 bytes).
    Removing stm32l0xx_hal_uart.o(i.UART_DMARxOnlyAbortCallback), (42 bytes).
    Removing stm32l0xx_hal_uart.o(i.UART_DMATransmitCplt), (58 bytes).
    Removing stm32l0xx_hal_uart.o(i.UART_DMATxAbortCallback), (64 bytes).
    Removing stm32l0xx_hal_uart.o(i.UART_DMATxHalfCplt), (14 bytes).
    Removing stm32l0xx_hal_uart.o(i.UART_DMATxOnlyAbortCallback), (24 bytes).
    Removing stm32l0xx_hal_uart.o(i.UART_EndTxTransfer), (18 bytes).
    Removing stm32l0xx_hal_uart.o(i.UART_TxISR_16BIT), (72 bytes).
    Removing stm32l0xx_hal_uart.o(i.UART_TxISR_8BIT), (68 bytes).
    Removing stm32l0xx_hal_uart_ex.o(.rev16_text), (4 bytes).
    Removing stm32l0xx_hal_uart_ex.o(.revsh_text), (4 bytes).
    Removing stm32l0xx_hal_uart_ex.o(i.HAL_MultiProcessorEx_AddressLength_Set), (64 bytes).
    Removing stm32l0xx_hal_uart_ex.o(i.HAL_RS485Ex_Init), (156 bytes).
    Removing stm32l0xx_hal_uart_ex.o(i.HAL_UARTEx_DisableClockStopMode), (50 bytes).
    Removing stm32l0xx_hal_uart_ex.o(i.HAL_UARTEx_DisableStopMode), (50 bytes).
    Removing stm32l0xx_hal_uart_ex.o(i.HAL_UARTEx_EnableClockStopMode), (50 bytes).
    Removing stm32l0xx_hal_uart_ex.o(i.HAL_UARTEx_EnableStopMode), (50 bytes).
    Removing stm32l0xx_hal_uart_ex.o(i.HAL_UARTEx_StopModeWakeUpSourceConfig), (148 bytes).
    Removing stm32l0xx_hal_uart_ex.o(i.UARTEx_Wakeup_AddressConfig), (42 bytes).
    Removing system_stm32l0xx.o(.rev16_text), (4 bytes).
    Removing system_stm32l0xx.o(.revsh_text), (4 bytes).
    Removing system_stm32l0xx.o(i.SystemCoreClockUpdate), (276 bytes).
    Removing mcu_api.o(.rev16_text), (4 bytes).
    Removing mcu_api.o(.revsh_text), (4 bytes).
    Removing mcu_api.o(i.hex_to_bcd), (108 bytes).
    Removing mcu_api.o(i.int_to_byte), (20 bytes).
    Removing mcu_api.o(i.mcu_dp_fault_update), (200 bytes).
    Removing mcu_api.o(i.mcu_dp_raw_update), (112 bytes).
    Removing mcu_api.o(i.mcu_dp_string_update), (112 bytes).
    Removing mcu_api.o(i.mcu_get_reset_wifi_flag), (12 bytes).
    Removing mcu_api.o(i.mcu_get_wifimode_flag), (12 bytes).
    Removing mcu_api.o(i.mcu_reset_wifi), (24 bytes).
    Removing mcu_api.o(i.mcu_start_wifitest), (14 bytes).
    Removing mcu_api.o(i.my_memset), (34 bytes).
    Removing mcu_api.o(i.my_strcmp), (36 bytes).
    Removing mcu_api.o(i.my_strcpy), (38 bytes).
    Removing mcu_api.o(i.uart_receive_buff_input), (28 bytes).
    Removing protocol.o(.rev16_text), (4 bytes).
    Removing protocol.o(.revsh_text), (4 bytes).
    Removing system.o(.rev16_text), (4 bytes).
    Removing system.o(.revsh_text), (4 bytes).
    Removing dadd.o(.text), (360 bytes).
    Removing dmul.o(.text), (208 bytes).
    Removing ddiv.o(.text), (240 bytes).
    Removing dfixul.o(.text), (64 bytes).
    Removing cdrcmple.o(.text), (40 bytes).
    Removing depilogue.o(.text), (190 bytes).
    Removing depilogue.o(i.__ARM_clz), (46 bytes).

352 unused section(s) (total 29882 bytes) removed from the image.

==============================================================================

Image Symbol Table

    Local Symbols

    Symbol Name                              Value     Ov Type        Size  Object(Section)

    ../Core/Src/gpio.c                       0x00000000   Number         0  gpio.o ABSOLUTE
    ../Core/Src/i2c.c                        0x00000000   Number         0  i2c.o ABSOLUTE
    ../Core/Src/main.c                       0x00000000   Number         0  main.o ABSOLUTE
    ../Core/Src/stm32l0xx_hal_msp.c          0x00000000   Number         0  stm32l0xx_hal_msp.o ABSOLUTE
    ../Core/Src/stm32l0xx_it.c               0x00000000   Number         0  stm32l0xx_it.o ABSOLUTE
    ../Core/Src/system_stm32l0xx.c           0x00000000   Number         0  system_stm32l0xx.o ABSOLUTE
    ../Core/Src/usart.c                      0x00000000   Number         0  usart.o ABSOLUTE
    ../Drivers/STM32L0xx_HAL_Driver/Src/stm32l0xx_hal.c 0x00000000   Number         0  stm32l0xx_hal.o ABSOLUTE
    ../Drivers/STM32L0xx_HAL_Driver/Src/stm32l0xx_hal_cortex.c 0x00000000   Number         0  stm32l0xx_hal_cortex.o ABSOLUTE
    ../Drivers/STM32L0xx_HAL_Driver/Src/stm32l0xx_hal_dma.c 0x00000000   Number         0  stm32l0xx_hal_dma.o ABSOLUTE
    ../Drivers/STM32L0xx_HAL_Driver/Src/stm32l0xx_hal_flash.c 0x00000000   Number         0  stm32l0xx_hal_flash.o ABSOLUTE
    ../Drivers/STM32L0xx_HAL_Driver/Src/stm32l0xx_hal_flash_ex.c 0x00000000   Number         0  stm32l0xx_hal_flash_ex.o ABSOLUTE
    ../Drivers/STM32L0xx_HAL_Driver/Src/stm32l0xx_hal_flash_ramfunc.c 0x00000000   Number         0  stm32l0xx_hal_flash_ramfunc.o ABSOLUTE
    ../Drivers/STM32L0xx_HAL_Driver/Src/stm32l0xx_hal_gpio.c 0x00000000   Number         0  stm32l0xx_hal_gpio.o ABSOLUTE
    ../Drivers/STM32L0xx_HAL_Driver/Src/stm32l0xx_hal_i2c.c 0x00000000   Number         0  stm32l0xx_hal_i2c.o ABSOLUTE
    ../Drivers/STM32L0xx_HAL_Driver/Src/stm32l0xx_hal_i2c_ex.c 0x00000000   Number         0  stm32l0xx_hal_i2c_ex.o ABSOLUTE
    ../Drivers/STM32L0xx_HAL_Driver/Src/stm32l0xx_hal_pwr.c 0x00000000   Number         0  stm32l0xx_hal_pwr.o ABSOLUTE
    ../Drivers/STM32L0xx_HAL_Driver/Src/stm32l0xx_hal_pwr_ex.c 0x00000000   Number         0  stm32l0xx_hal_pwr_ex.o ABSOLUTE
    ../Drivers/STM32L0xx_HAL_Driver/Src/stm32l0xx_hal_rcc.c 0x00000000   Number         0  stm32l0xx_hal_rcc.o ABSOLUTE
    ../Drivers/STM32L0xx_HAL_Driver/Src/stm32l0xx_hal_rcc_ex.c 0x00000000   Number         0  stm32l0xx_hal_rcc_ex.o ABSOLUTE
    ../Drivers/STM32L0xx_HAL_Driver/Src/stm32l0xx_hal_tim.c 0x00000000   Number         0  stm32l0xx_hal_tim.o ABSOLUTE
    ../Drivers/STM32L0xx_HAL_Driver/Src/stm32l0xx_hal_tim_ex.c 0x00000000   Number         0  stm32l0xx_hal_tim_ex.o ABSOLUTE
    ../Drivers/STM32L0xx_HAL_Driver/Src/stm32l0xx_hal_uart.c 0x00000000   Number         0  stm32l0xx_hal_uart.o ABSOLUTE
    ../Drivers/STM32L0xx_HAL_Driver/Src/stm32l0xx_hal_uart_ex.c 0x00000000   Number         0  stm32l0xx_hal_uart_ex.o ABSOLUTE
    ../clib/microlib/division.c              0x00000000   Number         0  uldiv.o ABSOLUTE
    ../clib/microlib/division.c              0x00000000   Number         0  uidiv.o ABSOLUTE
    ../clib/microlib/init/entry.s            0x00000000   Number         0  entry12b.o ABSOLUTE
    ../clib/microlib/init/entry.s            0x00000000   Number         0  entry10a.o ABSOLUTE
    ../clib/microlib/init/entry.s            0x00000000   Number         0  entry10b.o ABSOLUTE
    ../clib/microlib/init/entry.s            0x00000000   Number         0  entry11a.o ABSOLUTE
    ../clib/microlib/init/entry.s            0x00000000   Number         0  entry11b.o ABSOLUTE
    ../clib/microlib/init/entry.s            0x00000000   Number         0  entry9b.o ABSOLUTE
    ../clib/microlib/init/entry.s            0x00000000   Number         0  entry9a.o ABSOLUTE
    ../clib/microlib/init/entry.s            0x00000000   Number         0  entry8b.o ABSOLUTE
    ../clib/microlib/init/entry.s            0x00000000   Number         0  entry7b.o ABSOLUTE
    ../clib/microlib/init/entry.s            0x00000000   Number         0  entry7a.o ABSOLUTE
    ../clib/microlib/init/entry.s            0x00000000   Number         0  entry12a.o ABSOLUTE
    ../clib/microlib/init/entry.s            0x00000000   Number         0  entry8a.o ABSOLUTE
    ../clib/microlib/init/entry.s            0x00000000   Number         0  entry.o ABSOLUTE
    ../clib/microlib/init/entry.s            0x00000000   Number         0  entry5.o ABSOLUTE
    ../clib/microlib/init/entry.s            0x00000000   Number         0  entry2.o ABSOLUTE
    ../clib/microlib/longlong.c              0x00000000   Number         0  llshl.o ABSOLUTE
    ../clib/microlib/longlong.c              0x00000000   Number         0  llsshr.o ABSOLUTE
    ../clib/microlib/longlong.c              0x00000000   Number         0  llushr.o ABSOLUTE
    ../clib/microlib/printf/printf.c         0x00000000   Number         0  printf4.o ABSOLUTE
    ../clib/microlib/printf/printf.c         0x00000000   Number         0  printf3.o ABSOLUTE
    ../clib/microlib/printf/printf.c         0x00000000   Number         0  printf2.o ABSOLUTE
    ../clib/microlib/printf/printf.c         0x00000000   Number         0  printf1.o ABSOLUTE
    ../clib/microlib/printf/printf.c         0x00000000   Number         0  printfb.o ABSOLUTE
    ../clib/microlib/printf/printf.c         0x00000000   Number         0  printf8.o ABSOLUTE
    ../clib/microlib/printf/printf.c         0x00000000   Number         0  printfa.o ABSOLUTE
    ../clib/microlib/printf/printf.c         0x00000000   Number         0  printf0.o ABSOLUTE
    ../clib/microlib/printf/printf.c         0x00000000   Number         0  printf7.o ABSOLUTE
    ../clib/microlib/printf/printf.c         0x00000000   Number         0  printf6.o ABSOLUTE
    ../clib/microlib/printf/printf.c         0x00000000   Number         0  printf5.o ABSOLUTE
    ../clib/microlib/printf/stubs.s          0x00000000   Number         0  stubs.o ABSOLUTE
    ../clib/microlib/string/memset.c         0x00000000   Number         0  memseta.o ABSOLUTE
    ../clib/microlib/stubs.s                 0x00000000   Number         0  useno.o ABSOLUTE
    ../clib/microlib/stubs.s                 0x00000000   Number         0  iusefp.o ABSOLUTE
    ../fplib/microlib/fpadd.c                0x00000000   Number         0  dadd.o ABSOLUTE
    ../fplib/microlib/fpadd.c                0x00000000   Number         0  fadd.o ABSOLUTE
    ../fplib/microlib/fpdiv.c                0x00000000   Number         0  ddiv.o ABSOLUTE
    ../fplib/microlib/fpdiv.c                0x00000000   Number         0  fdiv.o ABSOLUTE
    ../fplib/microlib/fpepilogue.c           0x00000000   Number         0  depilogue.o ABSOLUTE
    ../fplib/microlib/fpepilogue.c           0x00000000   Number         0  fepilogue.o ABSOLUTE
    ../fplib/microlib/fpfix.c                0x00000000   Number         0  dfixul.o ABSOLUTE
    ../fplib/microlib/fpfix.c                0x00000000   Number         0  ffixui.o ABSOLUTE
    ../fplib/microlib/fpflt.c                0x00000000   Number         0  ffltui.o ABSOLUTE
    ../fplib/microlib/fpmul.c                0x00000000   Number         0  dmul.o ABSOLUTE
    ../fplib/microlib/fpmul.c                0x00000000   Number         0  fmul.o ABSOLUTE
    ..\Core\Src\gpio.c                       0x00000000   Number         0  gpio.o ABSOLUTE
    ..\Core\Src\i2c.c                        0x00000000   Number         0  i2c.o ABSOLUTE
    ..\Core\Src\main.c                       0x00000000   Number         0  main.o ABSOLUTE
    ..\Core\Src\sht30.c                      0x00000000   Number         0  sht30.o ABSOLUTE
    ..\Core\Src\stm32l0xx_hal_msp.c          0x00000000   Number         0  stm32l0xx_hal_msp.o ABSOLUTE
    ..\Core\Src\stm32l0xx_it.c               0x00000000   Number         0  stm32l0xx_it.o ABSOLUTE
    ..\Core\Src\system_stm32l0xx.c           0x00000000   Number         0  system_stm32l0xx.o ABSOLUTE
    ..\Core\Src\usart.c                      0x00000000   Number         0  usart.o ABSOLUTE
    ..\Drivers\STM32L0xx_HAL_Driver\Src\stm32l0xx_hal.c 0x00000000   Number         0  stm32l0xx_hal.o ABSOLUTE
    ..\Drivers\STM32L0xx_HAL_Driver\Src\stm32l0xx_hal_cortex.c 0x00000000   Number         0  stm32l0xx_hal_cortex.o ABSOLUTE
    ..\Drivers\STM32L0xx_HAL_Driver\Src\stm32l0xx_hal_dma.c 0x00000000   Number         0  stm32l0xx_hal_dma.o ABSOLUTE
    ..\Drivers\STM32L0xx_HAL_Driver\Src\stm32l0xx_hal_flash.c 0x00000000   Number         0  stm32l0xx_hal_flash.o ABSOLUTE
    ..\Drivers\STM32L0xx_HAL_Driver\Src\stm32l0xx_hal_flash_ex.c 0x00000000   Number         0  stm32l0xx_hal_flash_ex.o ABSOLUTE
    ..\Drivers\STM32L0xx_HAL_Driver\Src\stm32l0xx_hal_flash_ramfunc.c 0x00000000   Number         0  stm32l0xx_hal_flash_ramfunc.o ABSOLUTE
    ..\Drivers\STM32L0xx_HAL_Driver\Src\stm32l0xx_hal_gpio.c 0x00000000   Number         0  stm32l0xx_hal_gpio.o ABSOLUTE
    ..\Drivers\STM32L0xx_HAL_Driver\Src\stm32l0xx_hal_i2c.c 0x00000000   Number         0  stm32l0xx_hal_i2c.o ABSOLUTE
    ..\Drivers\STM32L0xx_HAL_Driver\Src\stm32l0xx_hal_i2c_ex.c 0x00000000   Number         0  stm32l0xx_hal_i2c_ex.o ABSOLUTE
    ..\Drivers\STM32L0xx_HAL_Driver\Src\stm32l0xx_hal_pwr.c 0x00000000   Number         0  stm32l0xx_hal_pwr.o ABSOLUTE
    ..\Drivers\STM32L0xx_HAL_Driver\Src\stm32l0xx_hal_pwr_ex.c 0x00000000   Number         0  stm32l0xx_hal_pwr_ex.o ABSOLUTE
    ..\Drivers\STM32L0xx_HAL_Driver\Src\stm32l0xx_hal_rcc.c 0x00000000   Number         0  stm32l0xx_hal_rcc.o ABSOLUTE
    ..\Drivers\STM32L0xx_HAL_Driver\Src\stm32l0xx_hal_rcc_ex.c 0x00000000   Number         0  stm32l0xx_hal_rcc_ex.o ABSOLUTE
    ..\Drivers\STM32L0xx_HAL_Driver\Src\stm32l0xx_hal_tim.c 0x00000000   Number         0  stm32l0xx_hal_tim.o ABSOLUTE
    ..\Drivers\STM32L0xx_HAL_Driver\Src\stm32l0xx_hal_tim_ex.c 0x00000000   Number         0  stm32l0xx_hal_tim_ex.o ABSOLUTE
    ..\Drivers\STM32L0xx_HAL_Driver\Src\stm32l0xx_hal_uart.c 0x00000000   Number         0  stm32l0xx_hal_uart.o ABSOLUTE
    ..\Drivers\STM32L0xx_HAL_Driver\Src\stm32l0xx_hal_uart_ex.c 0x00000000   Number         0  stm32l0xx_hal_uart_ex.o ABSOLUTE
    ..\Drivers\mcu_sdk\mcu_api.c             0x00000000   Number         0  mcu_api.o ABSOLUTE
    ..\Drivers\mcu_sdk\protocol.c            0x00000000   Number         0  protocol.o ABSOLUTE
    ..\Drivers\mcu_sdk\system.c              0x00000000   Number         0  system.o ABSOLUTE
    ..\\Core\\Src\\sht30.c                   0x00000000   Number         0  sht30.o ABSOLUTE
    ..\\Drivers\\mcu_sdk\\mcu_api.c          0x00000000   Number         0  mcu_api.o ABSOLUTE
    ..\\Drivers\\mcu_sdk\\protocol.c         0x00000000   Number         0  protocol.o ABSOLUTE
    ..\\Drivers\\mcu_sdk\\system.c           0x00000000   Number         0  system.o ABSOLUTE
    cdrcmple.s                               0x00000000   Number         0  cdrcmple.o ABSOLUTE
    dc.s                                     0x00000000   Number         0  dc.o ABSOLUTE
    handlers.s                               0x00000000   Number         0  handlers.o ABSOLUTE
    init.s                                   0x00000000   Number         0  init.o ABSOLUTE
    startup_stm32l071xx.s                    0x00000000   Number         0  startup_stm32l071xx.o ABSOLUTE
    RESET                                    0x08000000   Section      192  startup_stm32l071xx.o(RESET)
    .ARM.Collect$$$$00000000                 0x080000c0   Section        0  entry.o(.ARM.Collect$$$$00000000)
    .ARM.Collect$$$$00000001                 0x080000c0   Section        4  entry2.o(.ARM.Collect$$$$00000001)
    .ARM.Collect$$$$00000004                 0x080000c4   Section        4  entry5.o(.ARM.Collect$$$$00000004)
    .ARM.Collect$$$$00000008                 0x080000c8   Section        0  entry7b.o(.ARM.Collect$$$$00000008)
    .ARM.Collect$$$$0000000A                 0x080000c8   Section        0  entry8b.o(.ARM.Collect$$$$0000000A)
    .ARM.Collect$$$$0000000B                 0x080000c8   Section        8  entry9a.o(.ARM.Collect$$$$0000000B)
    .ARM.Collect$$$$0000000E                 0x080000d0   Section        4  entry12b.o(.ARM.Collect$$$$0000000E)
    .ARM.Collect$$$$0000000F                 0x080000d4   Section        0  entry10a.o(.ARM.Collect$$$$0000000F)
    .ARM.Collect$$$$00000011                 0x080000d4   Section        0  entry11a.o(.ARM.Collect$$$$00000011)
    .ARM.Collect$$$$00002712                 0x080000d4   Section        4  entry2.o(.ARM.Collect$$$$00002712)
    __lit__00000000                          0x080000d4   Data           4  entry2.o(.ARM.Collect$$$$00002712)
    .text                                    0x080000d8   Section       28  startup_stm32l071xx.o(.text)
    .text                                    0x080000f4   Section        0  uidiv.o(.text)
    .text                                    0x08000120   Section        0  uldiv.o(.text)
    .text                                    0x08000180   Section        0  memseta.o(.text)
    .text                                    0x080001a4   Section        0  fadd.o(.text)
    .text                                    0x08000256   Section        0  fmul.o(.text)
    .text                                    0x080002d0   Section        0  fdiv.o(.text)
    .text                                    0x0800034c   Section        0  ffltui.o(.text)
    .text                                    0x0800035a   Section        0  ffixui.o(.text)
    .text                                    0x08000382   Section        0  llshl.o(.text)
    .text                                    0x080003a2   Section        0  llushr.o(.text)
    .text                                    0x080003c4   Section        0  iusefp.o(.text)
    .text                                    0x080003c4   Section        0  fepilogue.o(.text)
    .text                                    0x08000448   Section       36  init.o(.text)
    i.CheckCrc8                              0x0800046c   Section        0  sht30.o(i.CheckCrc8)
    i.Error_Handler                          0x080004ac   Section        0  main.o(i.Error_Handler)
    i.HAL_DMA_Abort_IT                       0x080004b2   Section        0  stm32l0xx_hal_dma.o(i.HAL_DMA_Abort_IT)
    i.HAL_Delay                              0x08000510   Section        0  stm32l0xx_hal.o(i.HAL_Delay)
    i.HAL_GPIO_Init                          0x0800053c   Section        0  stm32l0xx_hal_gpio.o(i.HAL_GPIO_Init)
    i.HAL_GPIO_TogglePin                     0x08000734   Section        0  stm32l0xx_hal_gpio.o(i.HAL_GPIO_TogglePin)
    i.HAL_GPIO_WritePin                      0x08000748   Section        0  stm32l0xx_hal_gpio.o(i.HAL_GPIO_WritePin)
    i.HAL_GetTick                            0x08000754   Section        0  stm32l0xx_hal.o(i.HAL_GetTick)
    i.HAL_I2CEx_ConfigAnalogFilter           0x08000760   Section        0  stm32l0xx_hal_i2c_ex.o(i.HAL_I2CEx_ConfigAnalogFilter)
    i.HAL_I2CEx_ConfigDigitalFilter          0x080007ce   Section        0  stm32l0xx_hal_i2c_ex.o(i.HAL_I2CEx_ConfigDigitalFilter)
    i.HAL_I2C_Init                           0x08000840   Section        0  stm32l0xx_hal_i2c.o(i.HAL_I2C_Init)
    i.HAL_I2C_Master_Receive                 0x08000914   Section        0  stm32l0xx_hal_i2c.o(i.HAL_I2C_Master_Receive)
    i.HAL_I2C_Master_Transmit                0x08000a80   Section        0  stm32l0xx_hal_i2c.o(i.HAL_I2C_Master_Transmit)
    i.HAL_I2C_MspInit                        0x08000bec   Section        0  i2c.o(i.HAL_I2C_MspInit)
    i.HAL_IncTick                            0x08000c5c   Section        0  stm32l0xx_hal.o(i.HAL_IncTick)
    i.HAL_Init                               0x08000c74   Section        0  stm32l0xx_hal.o(i.HAL_Init)
    i.HAL_InitTick                           0x08000ca0   Section        0  stm32l0xx_hal.o(i.HAL_InitTick)
    i.HAL_MspInit                            0x08000cf4   Section        0  stm32l0xx_hal_msp.o(i.HAL_MspInit)
    i.HAL_NVIC_EnableIRQ                     0x08000d14   Section        0  stm32l0xx_hal_cortex.o(i.HAL_NVIC_EnableIRQ)
    i.HAL_NVIC_SetPriority                   0x08000d2c   Section        0  stm32l0xx_hal_cortex.o(i.HAL_NVIC_SetPriority)
    i.HAL_RCCEx_PeriphCLKConfig              0x08000d40   Section        0  stm32l0xx_hal_rcc_ex.o(i.HAL_RCCEx_PeriphCLKConfig)
    i.HAL_RCC_ClockConfig                    0x08000f8c   Section        0  stm32l0xx_hal_rcc.o(i.HAL_RCC_ClockConfig)
    i.HAL_RCC_GetHCLKFreq                    0x08001194   Section        0  stm32l0xx_hal_rcc.o(i.HAL_RCC_GetHCLKFreq)
    i.HAL_RCC_GetPCLK1Freq                   0x080011a0   Section        0  stm32l0xx_hal_rcc.o(i.HAL_RCC_GetPCLK1Freq)
    i.HAL_RCC_GetPCLK2Freq                   0x080011c4   Section        0  stm32l0xx_hal_rcc.o(i.HAL_RCC_GetPCLK2Freq)
    i.HAL_RCC_GetSysClockFreq                0x080011e8   Section        0  stm32l0xx_hal_rcc.o(i.HAL_RCC_GetSysClockFreq)
    i.HAL_RCC_OscConfig                      0x080012b8   Section        0  stm32l0xx_hal_rcc.o(i.HAL_RCC_OscConfig)
    i.HAL_SYSTICK_Config                     0x080018f8   Section        0  stm32l0xx_hal_cortex.o(i.HAL_SYSTICK_Config)
    i.HAL_UARTEx_WakeupCallback              0x08001930   Section        0  stm32l0xx_hal_uart_ex.o(i.HAL_UARTEx_WakeupCallback)
    i.HAL_UART_ErrorCallback                 0x08001932   Section        0  stm32l0xx_hal_uart.o(i.HAL_UART_ErrorCallback)
    i.HAL_UART_IRQHandler                    0x08001934   Section        0  stm32l0xx_hal_uart.o(i.HAL_UART_IRQHandler)
    i.HAL_UART_Init                          0x08001b00   Section        0  stm32l0xx_hal_uart.o(i.HAL_UART_Init)
    i.HAL_UART_MspInit                       0x08001b80   Section        0  usart.o(i.HAL_UART_MspInit)
    i.HAL_UART_Receive_IT                    0x08001c64   Section        0  stm32l0xx_hal_uart.o(i.HAL_UART_Receive_IT)
    i.HAL_UART_RxCpltCallback                0x08001d7c   Section        0  usart.o(i.HAL_UART_RxCpltCallback)
    i.HAL_UART_Transmit                      0x08001e18   Section        0  stm32l0xx_hal_uart.o(i.HAL_UART_Transmit)
    i.HAL_UART_TxCpltCallback                0x08001f18   Section        0  stm32l0xx_hal_uart.o(i.HAL_UART_TxCpltCallback)
    i.HardFault_Handler                      0x08001f1a   Section        0  stm32l0xx_it.o(i.HardFault_Handler)
    i.I2C_Flush_TXDR                         0x08001f1e   Section        0  stm32l0xx_hal_i2c.o(i.I2C_Flush_TXDR)
    I2C_Flush_TXDR                           0x08001f1f   Thumb Code    50  stm32l0xx_hal_i2c.o(i.I2C_Flush_TXDR)
    i.I2C_IsAcknowledgeFailed                0x08001f50   Section        0  stm32l0xx_hal_i2c.o(i.I2C_IsAcknowledgeFailed)
    I2C_IsAcknowledgeFailed                  0x08001f51   Thumb Code   154  stm32l0xx_hal_i2c.o(i.I2C_IsAcknowledgeFailed)
    i.I2C_TransferConfig                     0x08001ff0   Section        0  stm32l0xx_hal_i2c.o(i.I2C_TransferConfig)
    I2C_TransferConfig                       0x08001ff1   Thumb Code    52  stm32l0xx_hal_i2c.o(i.I2C_TransferConfig)
    i.I2C_WaitOnFlagUntilTimeout             0x08002028   Section        0  stm32l0xx_hal_i2c.o(i.I2C_WaitOnFlagUntilTimeout)
    I2C_WaitOnFlagUntilTimeout               0x08002029   Thumb Code    88  stm32l0xx_hal_i2c.o(i.I2C_WaitOnFlagUntilTimeout)
    i.I2C_WaitOnRXNEFlagUntilTimeout         0x08002080   Section        0  stm32l0xx_hal_i2c.o(i.I2C_WaitOnRXNEFlagUntilTimeout)
    I2C_WaitOnRXNEFlagUntilTimeout           0x08002081   Thumb Code   170  stm32l0xx_hal_i2c.o(i.I2C_WaitOnRXNEFlagUntilTimeout)
    i.I2C_WaitOnSTOPFlagUntilTimeout         0x08002130   Section        0  stm32l0xx_hal_i2c.o(i.I2C_WaitOnSTOPFlagUntilTimeout)
    I2C_WaitOnSTOPFlagUntilTimeout           0x08002131   Thumb Code    90  stm32l0xx_hal_i2c.o(i.I2C_WaitOnSTOPFlagUntilTimeout)
    i.I2C_WaitOnTXISFlagUntilTimeout         0x0800218a   Section        0  stm32l0xx_hal_i2c.o(i.I2C_WaitOnTXISFlagUntilTimeout)
    I2C_WaitOnTXISFlagUntilTimeout           0x0800218b   Thumb Code    96  stm32l0xx_hal_i2c.o(i.I2C_WaitOnTXISFlagUntilTimeout)
    i.MX_GPIO_Init                           0x080021ec   Section        0  gpio.o(i.MX_GPIO_Init)
    i.MX_I2C1_Init                           0x080022d8   Section        0  i2c.o(i.MX_I2C1_Init)
    i.MX_USART1_UART_Init                    0x08002334   Section        0  usart.o(i.MX_USART1_UART_Init)
    i.MX_USART2_UART_Init                    0x08002378   Section        0  usart.o(i.MX_USART2_UART_Init)
    i.NMI_Handler                            0x080023bc   Section        0  stm32l0xx_it.o(i.NMI_Handler)
    i.NVIC_SetPriority                       0x080023c0   Section        0  stm32l0xx_hal_cortex.o(i.NVIC_SetPriority)
    NVIC_SetPriority                         0x080023c1   Thumb Code   110  stm32l0xx_hal_cortex.o(i.NVIC_SetPriority)
    i.PendSV_Handler                         0x08002438   Section        0  stm32l0xx_it.o(i.PendSV_Handler)
    i.SHT30_Dat_To_Float                     0x0800243c   Section        0  sht30.o(i.SHT30_Dat_To_Float)
    i.SHT30_Init                             0x080024d0   Section        0  sht30.o(i.SHT30_Init)
    i.SHT30_Read_Dat                         0x080024e0   Section        0  sht30.o(i.SHT30_Read_Dat)
    i.SHT30_Reset                            0x08002508   Section        0  sht30.o(i.SHT30_Reset)
    i.SHT30_Send_Cmd                         0x0800251c   Section        0  sht30.o(i.SHT30_Send_Cmd)
    SHT30_Send_Cmd                           0x0800251d   Thumb Code    30  sht30.o(i.SHT30_Send_Cmd)
    i.SVC_Handler                            0x08002544   Section        0  stm32l0xx_it.o(i.SVC_Handler)
    i.SysTick_Handler                        0x08002546   Section        0  stm32l0xx_it.o(i.SysTick_Handler)
    i.SystemClock_Config                     0x08002550   Section        0  main.o(i.SystemClock_Config)
    i.SystemInit                             0x080025ec   Section        0  system_stm32l0xx.o(i.SystemInit)
    i.UART_AdvFeatureConfig                  0x08002654   Section        0  stm32l0xx_hal_uart.o(i.UART_AdvFeatureConfig)
    i.UART_CheckIdleState                    0x08002744   Section        0  stm32l0xx_hal_uart.o(i.UART_CheckIdleState)
    i.UART_DMAAbortOnError                   0x080027b4   Section        0  stm32l0xx_hal_uart.o(i.UART_DMAAbortOnError)
    UART_DMAAbortOnError                     0x080027b5   Thumb Code    24  stm32l0xx_hal_uart.o(i.UART_DMAAbortOnError)
    i.UART_EndRxTransfer                     0x080027cc   Section        0  stm32l0xx_hal_uart.o(i.UART_EndRxTransfer)
    UART_EndRxTransfer                       0x080027cd   Thumb Code    36  stm32l0xx_hal_uart.o(i.UART_EndRxTransfer)
    i.UART_EndTransmit_IT                    0x080027f0   Section        0  stm32l0xx_hal_uart.o(i.UART_EndTransmit_IT)
    UART_EndTransmit_IT                      0x080027f1   Thumb Code    32  stm32l0xx_hal_uart.o(i.UART_EndTransmit_IT)
    i.UART_RxISR_16BIT                       0x08002810   Section        0  stm32l0xx_hal_uart.o(i.UART_RxISR_16BIT)
    UART_RxISR_16BIT                         0x08002811   Thumb Code   108  stm32l0xx_hal_uart.o(i.UART_RxISR_16BIT)
    i.UART_RxISR_8BIT                        0x0800287c   Section        0  stm32l0xx_hal_uart.o(i.UART_RxISR_8BIT)
    UART_RxISR_8BIT                          0x0800287d   Thumb Code   108  stm32l0xx_hal_uart.o(i.UART_RxISR_8BIT)
    i.UART_SetConfig                         0x080028e8   Section        0  stm32l0xx_hal_uart.o(i.UART_SetConfig)
    i.UART_WaitOnFlagUntilTimeout            0x08002ce8   Section        0  stm32l0xx_hal_uart.o(i.UART_WaitOnFlagUntilTimeout)
    i.USART1_IRQHandler                      0x08002d54   Section        0  stm32l0xx_it.o(i.USART1_IRQHandler)
    i.USART2_IRQHandler                      0x08002d64   Section        0  stm32l0xx_it.o(i.USART2_IRQHandler)
    i.__0printf$1                            0x08002d74   Section        0  printf1.o(i.__0printf$1)
    i.__0sprintf$1                           0x08002d94   Section        0  printf1.o(i.__0sprintf$1)
    i.__ARM_common_ll_muluu                  0x08002dbc   Section        0  stm32l0xx_hal_uart.o(i.__ARM_common_ll_muluu)
    i.__ARM_common_switch8                   0x08002dec   Section        0  stm32l0xx_hal_dma.o(i.__ARM_common_switch8)
    i.__scatterload_copy                     0x08002e08   Section       14  handlers.o(i.__scatterload_copy)
    i.__scatterload_null                     0x08002e16   Section        2  handlers.o(i.__scatterload_null)
    i.__scatterload_zeroinit                 0x08002e18   Section       14  handlers.o(i.__scatterload_zeroinit)
    i._printf_core                           0x08002e28   Section        0  printf1.o(i._printf_core)
    _printf_core                             0x08002e29   Thumb Code   332  printf1.o(i._printf_core)
    i._sputc                                 0x08002f78   Section        0  printf1.o(i._sputc)
    _sputc                                   0x08002f79   Thumb Code    10  printf1.o(i._sputc)
    i.all_data_update                        0x08002f82   Section        0  protocol.o(i.all_data_update)
    i.byte_to_int                            0x08002f84   Section        0  mcu_api.o(i.byte_to_int)
    i.data_handle                            0x08002fa0   Section        0  system.o(i.data_handle)
    i.data_point_handle                      0x0800307c   Section        0  system.o(i.data_point_handle)
    data_point_handle                        0x0800307d   Thumb Code    60  system.o(i.data_point_handle)
    i.dp_download_bright_value_handle        0x080030bc   Section        0  protocol.o(i.dp_download_bright_value_handle)
    dp_download_bright_value_handle          0x080030bd   Thumb Code    36  protocol.o(i.dp_download_bright_value_handle)
    i.dp_download_condition4_handle          0x080030e0   Section        0  protocol.o(i.dp_download_condition4_handle)
    dp_download_condition4_handle            0x080030e1   Thumb Code    36  protocol.o(i.dp_download_condition4_handle)
    i.dp_download_condition_1_handle         0x08003104   Section        0  protocol.o(i.dp_download_condition_1_handle)
    dp_download_condition_1_handle           0x08003105   Thumb Code    36  protocol.o(i.dp_download_condition_1_handle)
    i.dp_download_condition_2_handle         0x08003128   Section        0  protocol.o(i.dp_download_condition_2_handle)
    dp_download_condition_2_handle           0x08003129   Thumb Code    36  protocol.o(i.dp_download_condition_2_handle)
    i.dp_download_condition_3_handle         0x0800314c   Section        0  protocol.o(i.dp_download_condition_3_handle)
    dp_download_condition_3_handle           0x0800314d   Thumb Code    36  protocol.o(i.dp_download_condition_3_handle)
    i.dp_download_condition_5_handle         0x08003170   Section        0  protocol.o(i.dp_download_condition_5_handle)
    dp_download_condition_5_handle           0x08003171   Thumb Code    36  protocol.o(i.dp_download_condition_5_handle)
    i.dp_download_condition_6_handle         0x08003194   Section        0  protocol.o(i.dp_download_condition_6_handle)
    dp_download_condition_6_handle           0x08003195   Thumb Code    36  protocol.o(i.dp_download_condition_6_handle)
    i.dp_download_condition_7_handle         0x080031b8   Section        0  protocol.o(i.dp_download_condition_7_handle)
    dp_download_condition_7_handle           0x080031b9   Thumb Code    78  protocol.o(i.dp_download_condition_7_handle)
    i.dp_download_condition_8_handle         0x08003206   Section        0  protocol.o(i.dp_download_condition_8_handle)
    dp_download_condition_8_handle           0x08003207   Thumb Code    64  protocol.o(i.dp_download_condition_8_handle)
    i.dp_download_handle                     0x08003246   Section        0  protocol.o(i.dp_download_handle)
    i.dp_download_hum_periodic_report_handle 0x08003396   Section        0  protocol.o(i.dp_download_hum_periodic_report_handle)
    dp_download_hum_periodic_report_handle   0x08003397   Thumb Code    36  protocol.o(i.dp_download_hum_periodic_report_handle)
    i.dp_download_humidity_sampling_handle   0x080033ba   Section        0  protocol.o(i.dp_download_humidity_sampling_handle)
    dp_download_humidity_sampling_handle     0x080033bb   Thumb Code    36  protocol.o(i.dp_download_humidity_sampling_handle)
    i.dp_download_maxhum_set_handle          0x080033de   Section        0  protocol.o(i.dp_download_maxhum_set_handle)
    dp_download_maxhum_set_handle            0x080033df   Thumb Code    36  protocol.o(i.dp_download_maxhum_set_handle)
    i.dp_download_maxtemp_set_handle         0x08003402   Section        0  protocol.o(i.dp_download_maxtemp_set_handle)
    dp_download_maxtemp_set_handle           0x08003403   Thumb Code    36  protocol.o(i.dp_download_maxtemp_set_handle)
    i.dp_download_minihum_set_handle         0x08003426   Section        0  protocol.o(i.dp_download_minihum_set_handle)
    dp_download_minihum_set_handle           0x08003427   Thumb Code    36  protocol.o(i.dp_download_minihum_set_handle)
    i.dp_download_minitemp_set_handle        0x0800344a   Section        0  protocol.o(i.dp_download_minitemp_set_handle)
    dp_download_minitemp_set_handle          0x0800344b   Thumb Code    36  protocol.o(i.dp_download_minitemp_set_handle)
    i.dp_download_switch_handle              0x0800346e   Section        0  protocol.o(i.dp_download_switch_handle)
    dp_download_switch_handle                0x0800346f   Thumb Code    36  protocol.o(i.dp_download_switch_handle)
    i.dp_download_temp_periodic_report_handle 0x08003492   Section        0  protocol.o(i.dp_download_temp_periodic_report_handle)
    dp_download_temp_periodic_report_handle  0x08003493   Thumb Code    36  protocol.o(i.dp_download_temp_periodic_report_handle)
    i.dp_download_temp_sampling_handle       0x080034b6   Section        0  protocol.o(i.dp_download_temp_sampling_handle)
    dp_download_temp_sampling_handle         0x080034b7   Thumb Code    36  protocol.o(i.dp_download_temp_sampling_handle)
    i.dp_download_temp_set_handle            0x080034da   Section        0  protocol.o(i.dp_download_temp_set_handle)
    dp_download_temp_set_handle              0x080034db   Thumb Code    36  protocol.o(i.dp_download_temp_set_handle)
    i.dp_download_temp_unit_convert_handle   0x080034fe   Section        0  protocol.o(i.dp_download_temp_unit_convert_handle)
    dp_download_temp_unit_convert_handle     0x080034ff   Thumb Code    54  protocol.o(i.dp_download_temp_unit_convert_handle)
    i.fputc                                  0x08003534   Section        0  usart.o(i.fputc)
    i.get_check_sum                          0x08003550   Section        0  system.o(i.get_check_sum)
    i.get_dowmload_dpid_index                0x0800356c   Section        0  system.o(i.get_dowmload_dpid_index)
    get_dowmload_dpid_index                  0x0800356d   Thumb Code    40  system.o(i.get_dowmload_dpid_index)
    i.get_download_cmd_total                 0x08003598   Section        0  protocol.o(i.get_download_cmd_total)
    i.get_mcu_wifi_mode                      0x0800359c   Section        0  system.o(i.get_mcu_wifi_mode)
    get_mcu_wifi_mode                        0x0800359d   Thumb Code    16  system.o(i.get_mcu_wifi_mode)
    i.heat_beat_check                        0x080035ac   Section        0  system.o(i.heat_beat_check)
    heat_beat_check                          0x080035ad   Thumb Code    52  system.o(i.heat_beat_check)
    i.main                                   0x080035e4   Section        0  main.o(i.main)
    i.mcu_dp_bool_update                     0x08003820   Section        0  mcu_api.o(i.mcu_dp_bool_update)
    i.mcu_dp_enum_update                     0x08003888   Section        0  mcu_api.o(i.mcu_dp_enum_update)
    i.mcu_dp_value_update                    0x080038e0   Section        0  mcu_api.o(i.mcu_dp_value_update)
    i.mcu_get_dp_download_bool               0x08003958   Section        0  mcu_api.o(i.mcu_get_dp_download_bool)
    i.mcu_get_dp_download_enum               0x0800395e   Section        0  mcu_api.o(i.mcu_get_dp_download_enum)
    i.mcu_get_dp_download_value              0x08003964   Section        0  mcu_api.o(i.mcu_get_dp_download_value)
    i.mcu_get_wifi_work_state                0x08003974   Section        0  mcu_api.o(i.mcu_get_wifi_work_state)
    i.mcu_set_wifi_mode                      0x08003980   Section        0  mcu_api.o(i.mcu_set_wifi_mode)
    i.my_memcpy                              0x080039a8   Section        0  mcu_api.o(i.my_memcpy)
    i.my_strlen                              0x080039f4   Section        0  mcu_api.o(i.my_strlen)
    i.product_info_update                    0x08003a10   Section        0  system.o(i.product_info_update)
    product_info_update                      0x08003a11   Thumb Code   164  system.o(i.product_info_update)
    i.set_wifi_uart_buffer                   0x08003af0   Section        0  system.o(i.set_wifi_uart_buffer)
    i.set_wifi_uart_byte                     0x08003b14   Section        0  system.o(i.set_wifi_uart_byte)
    i.take_byte_rxbuff                       0x08003b24   Section        0  system.o(i.take_byte_rxbuff)
    i.uart_receive_input                     0x08003b60   Section        0  mcu_api.o(i.uart_receive_input)
    i.uart_transmit_output                   0x08003bb8   Section        0  protocol.o(i.uart_transmit_output)
    i.wifi_protocol_init                     0x08003bd8   Section        0  mcu_api.o(i.wifi_protocol_init)
    i.wifi_test_result                       0x08003c04   Section        0  protocol.o(i.wifi_test_result)
    i.wifi_uart_service                      0x08003c10   Section        0  mcu_api.o(i.wifi_uart_service)
    i.wifi_uart_write_data                   0x08003d00   Section        0  system.o(i.wifi_uart_write_data)
    wifi_uart_write_data                     0x08003d01   Thumb Code    40  system.o(i.wifi_uart_write_data)
    i.wifi_uart_write_frame                  0x08003d28   Section        0  system.o(i.wifi_uart_write_frame)
    i.with_data_rxbuff                       0x08003d6c   Section        0  system.o(i.with_data_rxbuff)
    .constdata                               0x08003d88   Section       33  system_stm32l0xx.o(.constdata)
    .constdata                               0x08003da9   Section       58  protocol.o(.constdata)
    .data                                    0x20000000   Section        1  main.o(.data)
    .data                                    0x20000004   Section       24  usart.o(.data)
    .data                                    0x2000001c   Section        9  stm32l0xx_hal.o(.data)
    .data                                    0x20000028   Section        4  system_stm32l0xx.o(.data)
    .data                                    0x2000002c   Section        2  mcu_api.o(.data)
    rx_in                                    0x2000002c   Data           2  mcu_api.o(.data)
    .data                                    0x2000002e   Section        1  protocol.o(.data)
    .data                                    0x20000030   Section       13  system.o(.data)
    mcu_reset_state                          0x2000003c   Data           1  system.o(.data)
    .bss                                     0x20000040   Section       76  i2c.o(.bss)
    .bss                                     0x2000008c   Section      768  usart.o(.bss)
    .bss                                     0x2000038c   Section      109  system.o(.bss)
    STACK                                    0x20000400   Section     1024  startup_stm32l071xx.o(STACK)

    Global Symbols

    Symbol Name                              Value     Ov Type        Size  Object(Section)

    BuildAttributes$$THM_ISAv3M$S$PE$A:L22$X:L11$S22$IEEE1$IW$USESV6$~STKCKD$USESV7$~SHL$OTIME$ROPI$EBA8$MICROLIB$REQ8$PRES8$EABIv2 0x00000000   Number         0  anon$$obj.o ABSOLUTE
    __ARM_use_no_argv                        0x00000000   Number         0  main.o ABSOLUTE
    __use_no_errno                           0x00000000   Number         0  useno.o ABSOLUTE
    __use_no_exception_handling              0x00000000   Number         0  useno.o ABSOLUTE
    __use_no_fp                              0x00000000   Number         0  useno.o ABSOLUTE
    __use_no_heap                            0x00000000   Number         0  useno.o ABSOLUTE
    __use_no_heap_region                     0x00000000   Number         0  useno.o ABSOLUTE
    __use_no_semihosting                     0x00000000   Number         0  useno.o ABSOLUTE
    __use_no_semihosting_swi                 0x00000000   Number         0  useno.o ABSOLUTE
    __use_no_signal_handling                 0x00000000   Number         0  useno.o ABSOLUTE
    _printf_a                                0x00000000   Number         0  stubs.o ABSOLUTE
    _printf_c                                0x00000000   Number         0  stubs.o ABSOLUTE
    _printf_charcount                        0x00000000   Number         0  stubs.o ABSOLUTE
    _printf_d                                0x00000000   Number         0  stubs.o ABSOLUTE
    _printf_e                                0x00000000   Number         0  stubs.o ABSOLUTE
    _printf_f                                0x00000000   Number         0  stubs.o ABSOLUTE
    _printf_flags                            0x00000000   Number         0  stubs.o ABSOLUTE
    _printf_fp_dec                           0x00000000   Number         0  stubs.o ABSOLUTE
    _printf_fp_hex                           0x00000000   Number         0  stubs.o ABSOLUTE
    _printf_g                                0x00000000   Number         0  stubs.o ABSOLUTE
    _printf_i                                0x00000000   Number         0  stubs.o ABSOLUTE
    _printf_int_dec                          0x00000000   Number         0  stubs.o ABSOLUTE
    _printf_l                                0x00000000   Number         0  stubs.o ABSOLUTE
    _printf_lc                               0x00000000   Number         0  stubs.o ABSOLUTE
    _printf_ll                               0x00000000   Number         0  stubs.o ABSOLUTE
    _printf_lld                              0x00000000   Number         0  stubs.o ABSOLUTE
    _printf_lli                              0x00000000   Number         0  stubs.o ABSOLUTE
    _printf_llo                              0x00000000   Number         0  stubs.o ABSOLUTE
    _printf_llu                              0x00000000   Number         0  stubs.o ABSOLUTE
    _printf_llx                              0x00000000   Number         0  stubs.o ABSOLUTE
    _printf_longlong_dec                     0x00000000   Number         0  stubs.o ABSOLUTE
    _printf_longlong_hex                     0x00000000   Number         0  stubs.o ABSOLUTE
    _printf_longlong_oct                     0x00000000   Number         0  stubs.o ABSOLUTE
    _printf_ls                               0x00000000   Number         0  stubs.o ABSOLUTE
    _printf_mbtowc                           0x00000000   Number         0  stubs.o ABSOLUTE
    _printf_n                                0x00000000   Number         0  stubs.o ABSOLUTE
    _printf_o                                0x00000000   Number         0  stubs.o ABSOLUTE
    _printf_p                                0x00000000   Number         0  stubs.o ABSOLUTE
    _printf_percent                          0x00000000   Number         0  stubs.o ABSOLUTE
    _printf_pre_padding                      0x00000000   Number         0  stubs.o ABSOLUTE
    _printf_return_value                     0x00000000   Number         0  stubs.o ABSOLUTE
    _printf_s                                0x00000000   Number         0  stubs.o ABSOLUTE
    _printf_sizespec                         0x00000000   Number         0  stubs.o ABSOLUTE
    _printf_str                              0x00000000   Number         0  stubs.o ABSOLUTE
    _printf_truncate_signed                  0x00000000   Number         0  stubs.o ABSOLUTE
    _printf_truncate_unsigned                0x00000000   Number         0  stubs.o ABSOLUTE
    _printf_u                                0x00000000   Number         0  stubs.o ABSOLUTE
    _printf_wc                               0x00000000   Number         0  stubs.o ABSOLUTE
    _printf_wctomb                           0x00000000   Number         0  stubs.o ABSOLUTE
    _printf_widthprec                        0x00000000   Number         0  stubs.o ABSOLUTE
    _printf_x                                0x00000000   Number         0  stubs.o ABSOLUTE
    __arm_fini_                               - Undefined Weak Reference
    __cpp_initialize__aeabi_                  - Undefined Weak Reference
    __cxa_finalize                            - Undefined Weak Reference
    __decompress                              - Undefined Weak Reference
    _clock_init                               - Undefined Weak Reference
    _microlib_exit                            - Undefined Weak Reference
    __Vectors_Size                           0x000000c0   Number         0  startup_stm32l071xx.o ABSOLUTE
    __Vectors                                0x08000000   Data           4  startup_stm32l071xx.o(RESET)
    __Vectors_End                            0x080000c0   Data           0  startup_stm32l071xx.o(RESET)
    __main                                   0x080000c1   Thumb Code     0  entry.o(.ARM.Collect$$$$00000000)
    _main_stk                                0x080000c1   Thumb Code     0  entry2.o(.ARM.Collect$$$$00000001)
    _main_scatterload                        0x080000c5   Thumb Code     0  entry5.o(.ARM.Collect$$$$00000004)
    __main_after_scatterload                 0x080000c9   Thumb Code     0  entry5.o(.ARM.Collect$$$$00000004)
    _main_clock                              0x080000c9   Thumb Code     0  entry7b.o(.ARM.Collect$$$$00000008)
    _main_cpp_init                           0x080000c9   Thumb Code     0  entry8b.o(.ARM.Collect$$$$0000000A)
    _main_init                               0x080000c9   Thumb Code     0  entry9a.o(.ARM.Collect$$$$0000000B)
    __rt_lib_shutdown_fini                   0x080000d1   Thumb Code     0  entry12b.o(.ARM.Collect$$$$0000000E)
    __rt_final_cpp                           0x080000d5   Thumb Code     0  entry10a.o(.ARM.Collect$$$$0000000F)
    __rt_final_exit                          0x080000d5   Thumb Code     0  entry11a.o(.ARM.Collect$$$$00000011)
    Reset_Handler                            0x080000d9   Thumb Code     8  startup_stm32l071xx.o(.text)
    ADC1_COMP_IRQHandler                     0x080000eb   Thumb Code     0  startup_stm32l071xx.o(.text)
    DMA1_Channel1_IRQHandler                 0x080000eb   Thumb Code     0  startup_stm32l071xx.o(.text)
    DMA1_Channel2_3_IRQHandler               0x080000eb   Thumb Code     0  startup_stm32l071xx.o(.text)
    DMA1_Channel4_5_6_7_IRQHandler           0x080000eb   Thumb Code     0  startup_stm32l071xx.o(.text)
    EXTI0_1_IRQHandler                       0x080000eb   Thumb Code     0  startup_stm32l071xx.o(.text)
    EXTI2_3_IRQHandler                       0x080000eb   Thumb Code     0  startup_stm32l071xx.o(.text)
    EXTI4_15_IRQHandler                      0x080000eb   Thumb Code     0  startup_stm32l071xx.o(.text)
    FLASH_IRQHandler                         0x080000eb   Thumb Code     0  startup_stm32l071xx.o(.text)
    I2C1_IRQHandler                          0x080000eb   Thumb Code     0  startup_stm32l071xx.o(.text)
    I2C2_IRQHandler                          0x080000eb   Thumb Code     0  startup_stm32l071xx.o(.text)
    I2C3_IRQHandler                          0x080000eb   Thumb Code     0  startup_stm32l071xx.o(.text)
    LPTIM1_IRQHandler                        0x080000eb   Thumb Code     0  startup_stm32l071xx.o(.text)
    LPUART1_IRQHandler                       0x080000eb   Thumb Code     0  startup_stm32l071xx.o(.text)
    PVD_IRQHandler                           0x080000eb   Thumb Code     0  startup_stm32l071xx.o(.text)
    RCC_IRQHandler                           0x080000eb   Thumb Code     0  startup_stm32l071xx.o(.text)
    RTC_IRQHandler                           0x080000eb   Thumb Code     0  startup_stm32l071xx.o(.text)
    SPI1_IRQHandler                          0x080000eb   Thumb Code     0  startup_stm32l071xx.o(.text)
    SPI2_IRQHandler                          0x080000eb   Thumb Code     0  startup_stm32l071xx.o(.text)
    TIM21_IRQHandler                         0x080000eb   Thumb Code     0  startup_stm32l071xx.o(.text)
    TIM22_IRQHandler                         0x080000eb   Thumb Code     0  startup_stm32l071xx.o(.text)
    TIM2_IRQHandler                          0x080000eb   Thumb Code     0  startup_stm32l071xx.o(.text)
    TIM3_IRQHandler                          0x080000eb   Thumb Code     0  startup_stm32l071xx.o(.text)
    TIM6_IRQHandler                          0x080000eb   Thumb Code     0  startup_stm32l071xx.o(.text)
    TIM7_IRQHandler                          0x080000eb   Thumb Code     0  startup_stm32l071xx.o(.text)
    USART4_5_IRQHandler                      0x080000eb   Thumb Code     0  startup_stm32l071xx.o(.text)
    WWDG_IRQHandler                          0x080000eb   Thumb Code     0  startup_stm32l071xx.o(.text)
    __aeabi_uidiv                            0x080000f5   Thumb Code     0  uidiv.o(.text)
    __aeabi_uidivmod                         0x080000f5   Thumb Code    44  uidiv.o(.text)
    __aeabi_uldivmod                         0x08000121   Thumb Code    96  uldiv.o(.text)
    __aeabi_memset                           0x08000181   Thumb Code    14  memseta.o(.text)
    __aeabi_memset4                          0x08000181   Thumb Code     0  memseta.o(.text)
    __aeabi_memset8                          0x08000181   Thumb Code     0  memseta.o(.text)
    __aeabi_memclr                           0x0800018f   Thumb Code     4  memseta.o(.text)
    __aeabi_memclr4                          0x0800018f   Thumb Code     0  memseta.o(.text)
    __aeabi_memclr8                          0x0800018f   Thumb Code     0  memseta.o(.text)
    _memset$wrapper                          0x08000193   Thumb Code    18  memseta.o(.text)
    __aeabi_fadd                             0x080001a5   Thumb Code   162  fadd.o(.text)
    __aeabi_fsub                             0x08000247   Thumb Code     8  fadd.o(.text)
    __aeabi_frsub                            0x0800024f   Thumb Code     8  fadd.o(.text)
    __aeabi_fmul                             0x08000257   Thumb Code   122  fmul.o(.text)
    __aeabi_fdiv                             0x080002d1   Thumb Code   124  fdiv.o(.text)
    __aeabi_ui2f                             0x0800034d   Thumb Code    14  ffltui.o(.text)
    __aeabi_f2uiz                            0x0800035b   Thumb Code    40  ffixui.o(.text)
    __aeabi_llsl                             0x08000383   Thumb Code    32  llshl.o(.text)
    _ll_shift_l                              0x08000383   Thumb Code     0  llshl.o(.text)
    __aeabi_llsr                             0x080003a3   Thumb Code    34  llushr.o(.text)
    _ll_ushift_r                             0x080003a3   Thumb Code     0  llushr.o(.text)
    __I$use$fp                               0x080003c5   Thumb Code     0  iusefp.o(.text)
    _float_round                             0x080003c5   Thumb Code    16  fepilogue.o(.text)
    _float_epilogue                          0x080003d5   Thumb Code   114  fepilogue.o(.text)
    __scatterload                            0x08000449   Thumb Code    28  init.o(.text)
    __scatterload_rt2                        0x08000449   Thumb Code     0  init.o(.text)
    CheckCrc8                                0x0800046d   Thumb Code    64  sht30.o(i.CheckCrc8)
    Error_Handler                            0x080004ad   Thumb Code     6  main.o(i.Error_Handler)
    HAL_DMA_Abort_IT                         0x080004b3   Thumb Code    92  stm32l0xx_hal_dma.o(i.HAL_DMA_Abort_IT)
    HAL_Delay                                0x08000511   Thumb Code    38  stm32l0xx_hal.o(i.HAL_Delay)
    HAL_GPIO_Init                            0x0800053d   Thumb Code   472  stm32l0xx_hal_gpio.o(i.HAL_GPIO_Init)
    HAL_GPIO_TogglePin                       0x08000735   Thumb Code    20  stm32l0xx_hal_gpio.o(i.HAL_GPIO_TogglePin)
    HAL_GPIO_WritePin                        0x08000749   Thumb Code    12  stm32l0xx_hal_gpio.o(i.HAL_GPIO_WritePin)
    HAL_GetTick                              0x08000755   Thumb Code     6  stm32l0xx_hal.o(i.HAL_GetTick)
    HAL_I2CEx_ConfigAnalogFilter             0x08000761   Thumb Code   110  stm32l0xx_hal_i2c_ex.o(i.HAL_I2CEx_ConfigAnalogFilter)
    HAL_I2CEx_ConfigDigitalFilter            0x080007cf   Thumb Code   112  stm32l0xx_hal_i2c_ex.o(i.HAL_I2CEx_ConfigDigitalFilter)
    HAL_I2C_Init                             0x08000841   Thumb Code   208  stm32l0xx_hal_i2c.o(i.HAL_I2C_Init)
    HAL_I2C_Master_Receive                   0x08000915   Thumb Code   354  stm32l0xx_hal_i2c.o(i.HAL_I2C_Master_Receive)
    HAL_I2C_Master_Transmit                  0x08000a81   Thumb Code   354  stm32l0xx_hal_i2c.o(i.HAL_I2C_Master_Transmit)
    HAL_I2C_MspInit                          0x08000bed   Thumb Code    98  i2c.o(i.HAL_I2C_MspInit)
    HAL_IncTick                              0x08000c5d   Thumb Code    16  stm32l0xx_hal.o(i.HAL_IncTick)
    HAL_Init                                 0x08000c75   Thumb Code    38  stm32l0xx_hal.o(i.HAL_Init)
    HAL_InitTick                             0x08000ca1   Thumb Code    70  stm32l0xx_hal.o(i.HAL_InitTick)
    HAL_MspInit                              0x08000cf5   Thumb Code    26  stm32l0xx_hal_msp.o(i.HAL_MspInit)
    HAL_NVIC_EnableIRQ                       0x08000d15   Thumb Code    18  stm32l0xx_hal_cortex.o(i.HAL_NVIC_EnableIRQ)
    HAL_NVIC_SetPriority                     0x08000d2d   Thumb Code    18  stm32l0xx_hal_cortex.o(i.HAL_NVIC_SetPriority)
    HAL_RCCEx_PeriphCLKConfig                0x08000d41   Thumb Code   576  stm32l0xx_hal_rcc_ex.o(i.HAL_RCCEx_PeriphCLKConfig)
    HAL_RCC_ClockConfig                      0x08000f8d   Thumb Code   498  stm32l0xx_hal_rcc.o(i.HAL_RCC_ClockConfig)
    HAL_RCC_GetHCLKFreq                      0x08001195   Thumb Code     6  stm32l0xx_hal_rcc.o(i.HAL_RCC_GetHCLKFreq)
    HAL_RCC_GetPCLK1Freq                     0x080011a1   Thumb Code    26  stm32l0xx_hal_rcc.o(i.HAL_RCC_GetPCLK1Freq)
    HAL_RCC_GetPCLK2Freq                     0x080011c5   Thumb Code    26  stm32l0xx_hal_rcc.o(i.HAL_RCC_GetPCLK2Freq)
    HAL_RCC_GetSysClockFreq                  0x080011e9   Thumb Code   186  stm32l0xx_hal_rcc.o(i.HAL_RCC_GetSysClockFreq)
    HAL_RCC_OscConfig                        0x080012b9   Thumb Code  1588  stm32l0xx_hal_rcc.o(i.HAL_RCC_OscConfig)
    HAL_SYSTICK_Config                       0x080018f9   Thumb Code    46  stm32l0xx_hal_cortex.o(i.HAL_SYSTICK_Config)
    HAL_UARTEx_WakeupCallback                0x08001931   Thumb Code     2  stm32l0xx_hal_uart_ex.o(i.HAL_UARTEx_WakeupCallback)
    HAL_UART_ErrorCallback                   0x08001933   Thumb Code     2  stm32l0xx_hal_uart.o(i.HAL_UART_ErrorCallback)
    HAL_UART_IRQHandler                      0x08001935   Thumb Code   456  stm32l0xx_hal_uart.o(i.HAL_UART_IRQHandler)
    HAL_UART_Init                            0x08001b01   Thumb Code   126  stm32l0xx_hal_uart.o(i.HAL_UART_Init)
    HAL_UART_MspInit                         0x08001b81   Thumb Code   214  usart.o(i.HAL_UART_MspInit)
    HAL_UART_Receive_IT                      0x08001c65   Thumb Code   266  stm32l0xx_hal_uart.o(i.HAL_UART_Receive_IT)
    HAL_UART_RxCpltCallback                  0x08001d7d   Thumb Code   124  usart.o(i.HAL_UART_RxCpltCallback)
    HAL_UART_Transmit                        0x08001e19   Thumb Code   256  stm32l0xx_hal_uart.o(i.HAL_UART_Transmit)
    HAL_UART_TxCpltCallback                  0x08001f19   Thumb Code     2  stm32l0xx_hal_uart.o(i.HAL_UART_TxCpltCallback)
    HardFault_Handler                        0x08001f1b   Thumb Code     4  stm32l0xx_it.o(i.HardFault_Handler)
    MX_GPIO_Init                             0x080021ed   Thumb Code   222  gpio.o(i.MX_GPIO_Init)
    MX_I2C1_Init                             0x080022d9   Thumb Code    80  i2c.o(i.MX_I2C1_Init)
    MX_USART1_UART_Init                      0x08002335   Thumb Code    58  usart.o(i.MX_USART1_UART_Init)
    MX_USART2_UART_Init                      0x08002379   Thumb Code    58  usart.o(i.MX_USART2_UART_Init)
    NMI_Handler                              0x080023bd   Thumb Code     2  stm32l0xx_it.o(i.NMI_Handler)
    PendSV_Handler                           0x08002439   Thumb Code     2  stm32l0xx_it.o(i.PendSV_Handler)
    SHT30_Dat_To_Float                       0x0800243d   Thumb Code   130  sht30.o(i.SHT30_Dat_To_Float)
    SHT30_Init                               0x080024d1   Thumb Code    10  sht30.o(i.SHT30_Init)
    SHT30_Read_Dat                           0x080024e1   Thumb Code    30  sht30.o(i.SHT30_Read_Dat)
    SHT30_Reset                              0x08002509   Thumb Code    16  sht30.o(i.SHT30_Reset)
    SVC_Handler                              0x08002545   Thumb Code     2  stm32l0xx_it.o(i.SVC_Handler)
    SysTick_Handler                          0x08002547   Thumb Code     8  stm32l0xx_it.o(i.SysTick_Handler)
    SystemClock_Config                       0x08002551   Thumb Code   150  main.o(i.SystemClock_Config)
    SystemInit                               0x080025ed   Thumb Code    88  system_stm32l0xx.o(i.SystemInit)
    UART_AdvFeatureConfig                    0x08002655   Thumb Code   240  stm32l0xx_hal_uart.o(i.UART_AdvFeatureConfig)
    UART_CheckIdleState                      0x08002745   Thumb Code   106  stm32l0xx_hal_uart.o(i.UART_CheckIdleState)
    UART_SetConfig                           0x080028e9   Thumb Code   970  stm32l0xx_hal_uart.o(i.UART_SetConfig)
    UART_WaitOnFlagUntilTimeout              0x08002ce9   Thumb Code   108  stm32l0xx_hal_uart.o(i.UART_WaitOnFlagUntilTimeout)
    USART1_IRQHandler                        0x08002d55   Thumb Code    10  stm32l0xx_it.o(i.USART1_IRQHandler)
    USART2_IRQHandler                        0x08002d65   Thumb Code    10  stm32l0xx_it.o(i.USART2_IRQHandler)
    __0printf$1                              0x08002d75   Thumb Code    24  printf1.o(i.__0printf$1)
    __1printf$1                              0x08002d75   Thumb Code     0  printf1.o(i.__0printf$1)
    __2printf                                0x08002d75   Thumb Code     0  printf1.o(i.__0printf$1)
    __0sprintf$1                             0x08002d95   Thumb Code    36  printf1.o(i.__0sprintf$1)
    __1sprintf$1                             0x08002d95   Thumb Code     0  printf1.o(i.__0sprintf$1)
    __2sprintf                               0x08002d95   Thumb Code     0  printf1.o(i.__0sprintf$1)
    __ARM_common_ll_muluu                    0x08002dbd   Thumb Code    48  stm32l0xx_hal_uart.o(i.__ARM_common_ll_muluu)
    __ARM_common_switch8                     0x08002ded   Thumb Code    28  stm32l0xx_hal_dma.o(i.__ARM_common_switch8)
    __scatterload_copy                       0x08002e09   Thumb Code    14  handlers.o(i.__scatterload_copy)
    __scatterload_null                       0x08002e17   Thumb Code     2  handlers.o(i.__scatterload_null)
    __scatterload_zeroinit                   0x08002e19   Thumb Code    14  handlers.o(i.__scatterload_zeroinit)
    all_data_update                          0x08002f83   Thumb Code     2  protocol.o(i.all_data_update)
    byte_to_int                              0x08002f85   Thumb Code    26  mcu_api.o(i.byte_to_int)
    data_handle                              0x08002fa1   Thumb Code   202  system.o(i.data_handle)
    dp_download_handle                       0x08003247   Thumb Code   336  protocol.o(i.dp_download_handle)
    fputc                                    0x08003535   Thumb Code    22  usart.o(i.fputc)
    get_check_sum                            0x08003551   Thumb Code    28  system.o(i.get_check_sum)
    get_download_cmd_total                   0x08003599   Thumb Code     4  protocol.o(i.get_download_cmd_total)
    main                                     0x080035e5   Thumb Code   394  main.o(i.main)
    mcu_dp_bool_update                       0x08003821   Thumb Code    98  mcu_api.o(i.mcu_dp_bool_update)
    mcu_dp_enum_update                       0x08003889   Thumb Code    82  mcu_api.o(i.mcu_dp_enum_update)
    mcu_dp_value_update                      0x080038e1   Thumb Code   116  mcu_api.o(i.mcu_dp_value_update)
    mcu_get_dp_download_bool                 0x08003959   Thumb Code     6  mcu_api.o(i.mcu_get_dp_download_bool)
    mcu_get_dp_download_enum                 0x0800395f   Thumb Code     6  mcu_api.o(i.mcu_get_dp_download_enum)
    mcu_get_dp_download_value                0x08003965   Thumb Code    14  mcu_api.o(i.mcu_get_dp_download_value)
    mcu_get_wifi_work_state                  0x08003975   Thumb Code     6  mcu_api.o(i.mcu_get_wifi_work_state)
    mcu_set_wifi_mode                        0x08003981   Thumb Code    34  mcu_api.o(i.mcu_set_wifi_mode)
    my_memcpy                                0x080039a9   Thumb Code    76  mcu_api.o(i.my_memcpy)
    my_strlen                                0x080039f5   Thumb Code    28  mcu_api.o(i.my_strlen)
    set_wifi_uart_buffer                     0x08003af1   Thumb Code    30  system.o(i.set_wifi_uart_buffer)
    set_wifi_uart_byte                       0x08003b15   Thumb Code    12  system.o(i.set_wifi_uart_byte)
    take_byte_rxbuff                         0x08003b25   Thumb Code    46  system.o(i.take_byte_rxbuff)
    uart_receive_input                       0x08003b61   Thumb Code    74  mcu_api.o(i.uart_receive_input)
    uart_transmit_output                     0x08003bb9   Thumb Code    24  protocol.o(i.uart_transmit_output)
    wifi_protocol_init                       0x08003bd9   Thumb Code    24  mcu_api.o(i.wifi_protocol_init)
    wifi_test_result                         0x08003c05   Thumb Code    12  protocol.o(i.wifi_test_result)
    wifi_uart_service                        0x08003c11   Thumb Code   232  mcu_api.o(i.wifi_uart_service)
    wifi_uart_write_frame                    0x08003d29   Thumb Code    64  system.o(i.wifi_uart_write_frame)
    with_data_rxbuff                         0x08003d6d   Thumb Code    20  system.o(i.with_data_rxbuff)
    AHBPrescTable                            0x08003d88   Data          16  system_stm32l0xx.o(.constdata)
    APBPrescTable                            0x08003d98   Data           8  system_stm32l0xx.o(.constdata)
    PLLMulTable                              0x08003da0   Data           9  system_stm32l0xx.o(.constdata)
    download_cmd                             0x08003da9   Data          58  protocol.o(.constdata)
    Region$$Table$$Base                      0x08003de4   Number         0  anon$$obj.o(Region$$Table)
    Region$$Table$$Limit                     0x08003e04   Number         0  anon$$obj.o(Region$$Table)
    uart_temp                                0x20000000   Data           1  main.o(.data)
    Usart2RxBuff                             0x20000004   Data           1  usart.o(.data)
    Usart2RxData_i                           0x20000005   Data           1  usart.o(.data)
    Usart2Rx                                 0x20000008   Data          16  usart.o(.data)
    __stdout                                 0x20000018   Data           4  usart.o(.data)
    uwTick                                   0x2000001c   Data           4  stm32l0xx_hal.o(.data)
    uwTickPrio                               0x20000020   Data           4  stm32l0xx_hal.o(.data)
    uwTickFreq                               0x20000024   Data           1  stm32l0xx_hal.o(.data)
    SystemCoreClock                          0x20000028   Data           4  system_stm32l0xx.o(.data)
    uart_value                               0x2000002e   Data           1  protocol.o(.data)
    rx_buf_in                                0x20000030   Data           4  system.o(.data)
    rx_buf_out                               0x20000034   Data           4  system.o(.data)
    stop_update_flag                         0x20000038   Data           1  system.o(.data)
    reset_wifi_flag                          0x20000039   Data           1  system.o(.data)
    set_wifimode_flag                        0x2000003a   Data           1  system.o(.data)
    wifi_work_state                          0x2000003b   Data           1  system.o(.data)
    hi2c1                                    0x20000040   Data          76  i2c.o(.bss)
    Usart2RxData                             0x2000008c   Data         255  usart.o(.bss)
    Usart2TxData                             0x2000018b   Data         255  usart.o(.bss)
    huart1                                   0x2000028c   Data         128  usart.o(.bss)
    huart2                                   0x2000030c   Data         128  usart.o(.bss)
    wifi_data_process_buf                    0x2000038c   Data          31  system.o(.bss)
    wifi_uart_rx_buf                         0x200003ab   Data          23  system.o(.bss)
    wifi_uart_tx_buf                         0x200003c2   Data          55  system.o(.bss)
    __initial_sp                             0x20000800   Data           0  startup_stm32l071xx.o(STACK)



==============================================================================

Memory Map of the image

  Image Entry point : 0x080000c1

  Load Region LR_IROM1 (Base: 0x08000000, Size: 0x00003e44, Max: 0x00030000, ABSOLUTE)

    Execution Region ER_IROM1 (Exec base: 0x08000000, Load base: 0x08000000, Size: 0x00003e04, Max: 0x00030000, ABSOLUTE)

    Exec Addr    Load Addr    Size         Type   Attr      Idx    E Section Name        Object

    0x08000000   0x08000000   0x000000c0   Data   RO            3    RESET               startup_stm32l071xx.o
    0x080000c0   0x080000c0   0x00000000   Code   RO         2985  * .ARM.Collect$$$$00000000  mc_p.l(entry.o)
    0x080000c0   0x080000c0   0x00000004   Code   RO         3265    .ARM.Collect$$$$00000001  mc_p.l(entry2.o)
    0x080000c4   0x080000c4   0x00000004   Code   RO         3268    .ARM.Collect$$$$00000004  mc_p.l(entry5.o)
    0x080000c8   0x080000c8   0x00000000   Code   RO         3270    .ARM.Collect$$$$00000008  mc_p.l(entry7b.o)
    0x080000c8   0x080000c8   0x00000000   Code   RO         3272    .ARM.Collect$$$$0000000A  mc_p.l(entry8b.o)
    0x080000c8   0x080000c8   0x00000008   Code   RO         3273    .ARM.Collect$$$$0000000B  mc_p.l(entry9a.o)
    0x080000d0   0x080000d0   0x00000004   Code   RO         3280    .ARM.Collect$$$$0000000E  mc_p.l(entry12b.o)
    0x080000d4   0x080000d4   0x00000000   Code   RO         3275    .ARM.Collect$$$$0000000F  mc_p.l(entry10a.o)
    0x080000d4   0x080000d4   0x00000000   Code   RO         3277    .ARM.Collect$$$$00000011  mc_p.l(entry11a.o)
    0x080000d4   0x080000d4   0x00000004   Code   RO         3266    .ARM.Collect$$$$00002712  mc_p.l(entry2.o)
    0x080000d8   0x080000d8   0x0000001c   Code   RO            4    .text               startup_stm32l071xx.o
    0x080000f4   0x080000f4   0x0000002c   Code   RO         2988    .text               mc_p.l(uidiv.o)
    0x08000120   0x08000120   0x00000060   Code   RO         2990    .text               mc_p.l(uldiv.o)
    0x08000180   0x08000180   0x00000024   Code   RO         2992    .text               mc_p.l(memseta.o)
    0x080001a4   0x080001a4   0x000000b2   Code   RO         3255    .text               mf_p.l(fadd.o)
    0x08000256   0x08000256   0x0000007a   Code   RO         3257    .text               mf_p.l(fmul.o)
    0x080002d0   0x080002d0   0x0000007c   Code   RO         3259    .text               mf_p.l(fdiv.o)
    0x0800034c   0x0800034c   0x0000000e   Code   RO         3261    .text               mf_p.l(ffltui.o)
    0x0800035a   0x0800035a   0x00000028   Code   RO         3263    .text               mf_p.l(ffixui.o)
    0x08000382   0x08000382   0x00000020   Code   RO         3281    .text               mc_p.l(llshl.o)
    0x080003a2   0x080003a2   0x00000022   Code   RO         3283    .text               mc_p.l(llushr.o)
    0x080003c4   0x080003c4   0x00000000   Code   RO         3285    .text               mc_p.l(iusefp.o)
    0x080003c4   0x080003c4   0x00000082   Code   RO         3286    .text               mf_p.l(fepilogue.o)
    0x08000446   0x08000446   0x00000002   PAD
    0x08000448   0x08000448   0x00000024   Code   RO         3298    .text               mc_p.l(init.o)
    0x0800046c   0x0800046c   0x00000040   Code   RO          395    i.CheckCrc8         sht30.o
    0x080004ac   0x080004ac   0x00000006   Code   RO           12    i.Error_Handler     main.o
    0x080004b2   0x080004b2   0x0000005c   Code   RO         1699    i.HAL_DMA_Abort_IT  stm32l0xx_hal_dma.o
    0x0800050e   0x0800050e   0x00000002   PAD
    0x08000510   0x08000510   0x0000002c   Code   RO          961    i.HAL_Delay         stm32l0xx_hal.o
    0x0800053c   0x0800053c   0x000001f8   Code   RO         1638    i.HAL_GPIO_Init     stm32l0xx_hal_gpio.o
    0x08000734   0x08000734   0x00000014   Code   RO         1641    i.HAL_GPIO_TogglePin  stm32l0xx_hal_gpio.o
    0x08000748   0x08000748   0x0000000c   Code   RO         1642    i.HAL_GPIO_WritePin  stm32l0xx_hal_gpio.o
    0x08000754   0x08000754   0x0000000c   Code   RO          965    i.HAL_GetTick       stm32l0xx_hal.o
    0x08000760   0x08000760   0x0000006e   Code   RO          902    i.HAL_I2CEx_ConfigAnalogFilter  stm32l0xx_hal_i2c_ex.o
    0x080007ce   0x080007ce   0x00000070   Code   RO          903    i.HAL_I2CEx_ConfigDigitalFilter  stm32l0xx_hal_i2c_ex.o
    0x0800083e   0x0800083e   0x00000002   PAD
    0x08000840   0x08000840   0x000000d4   Code   RO          455    i.HAL_I2C_Init      stm32l0xx_hal_i2c.o
    0x08000914   0x08000914   0x0000016c   Code   RO          461    i.HAL_I2C_Master_Receive  stm32l0xx_hal_i2c.o
    0x08000a80   0x08000a80   0x0000016c   Code   RO          468    i.HAL_I2C_Master_Transmit  stm32l0xx_hal_i2c.o
    0x08000bec   0x08000bec   0x00000070   Code   RO          192    i.HAL_I2C_MspInit   i2c.o
    0x08000c5c   0x08000c5c   0x00000018   Code   RO          971    i.HAL_IncTick       stm32l0xx_hal.o
    0x08000c74   0x08000c74   0x0000002c   Code   RO          972    i.HAL_Init          stm32l0xx_hal.o
    0x08000ca0   0x08000ca0   0x00000054   Code   RO          973    i.HAL_InitTick      stm32l0xx_hal.o
    0x08000cf4   0x08000cf4   0x00000020   Code   RO          375    i.HAL_MspInit       stm32l0xx_hal_msp.o
    0x08000d14   0x08000d14   0x00000018   Code   RO         1967    i.HAL_NVIC_EnableIRQ  stm32l0xx_hal_cortex.o
    0x08000d2c   0x08000d2c   0x00000012   Code   RO         1971    i.HAL_NVIC_SetPriority  stm32l0xx_hal_cortex.o
    0x08000d3e   0x08000d3e   0x00000002   PAD
    0x08000d40   0x08000d40   0x0000024c   Code   RO         1257    i.HAL_RCCEx_PeriphCLKConfig  stm32l0xx_hal_rcc_ex.o
    0x08000f8c   0x08000f8c   0x00000208   Code   RO         1159    i.HAL_RCC_ClockConfig  stm32l0xx_hal_rcc.o
    0x08001194   0x08001194   0x0000000c   Code   RO         1163    i.HAL_RCC_GetHCLKFreq  stm32l0xx_hal_rcc.o
    0x080011a0   0x080011a0   0x00000024   Code   RO         1165    i.HAL_RCC_GetPCLK1Freq  stm32l0xx_hal_rcc.o
    0x080011c4   0x080011c4   0x00000024   Code   RO         1166    i.HAL_RCC_GetPCLK2Freq  stm32l0xx_hal_rcc.o
    0x080011e8   0x080011e8   0x000000d0   Code   RO         1167    i.HAL_RCC_GetSysClockFreq  stm32l0xx_hal_rcc.o
    0x080012b8   0x080012b8   0x00000640   Code   RO         1170    i.HAL_RCC_OscConfig  stm32l0xx_hal_rcc.o
    0x080018f8   0x080018f8   0x00000038   Code   RO         1975    i.HAL_SYSTICK_Config  stm32l0xx_hal_cortex.o
    0x08001930   0x08001930   0x00000002   Code   RO         2468    i.HAL_UARTEx_WakeupCallback  stm32l0xx_hal_uart_ex.o
    0x08001932   0x08001932   0x00000002   Code   RO         2124    i.HAL_UART_ErrorCallback  stm32l0xx_hal_uart.o
    0x08001934   0x08001934   0x000001cc   Code   RO         2127    i.HAL_UART_IRQHandler  stm32l0xx_hal_uart.o
    0x08001b00   0x08001b00   0x0000007e   Code   RO         2128    i.HAL_UART_Init     stm32l0xx_hal_uart.o
    0x08001b7e   0x08001b7e   0x00000002   PAD
    0x08001b80   0x08001b80   0x000000e4   Code   RO          232    i.HAL_UART_MspInit  usart.o
    0x08001c64   0x08001c64   0x00000118   Code   RO         2133    i.HAL_UART_Receive_IT  stm32l0xx_hal_uart.o
    0x08001d7c   0x08001d7c   0x0000009c   Code   RO          233    i.HAL_UART_RxCpltCallback  usart.o
    0x08001e18   0x08001e18   0x00000100   Code   RO         2136    i.HAL_UART_Transmit  stm32l0xx_hal_uart.o
    0x08001f18   0x08001f18   0x00000002   Code   RO         2139    i.HAL_UART_TxCpltCallback  stm32l0xx_hal_uart.o
    0x08001f1a   0x08001f1a   0x00000004   Code   RO          315    i.HardFault_Handler  stm32l0xx_it.o
    0x08001f1e   0x08001f1e   0x00000032   Code   RO          502    i.I2C_Flush_TXDR    stm32l0xx_hal_i2c.o
    0x08001f50   0x08001f50   0x000000a0   Code   RO          510    i.I2C_IsAcknowledgeFailed  stm32l0xx_hal_i2c.o
    0x08001ff0   0x08001ff0   0x00000038   Code   RO          517    i.I2C_TransferConfig  stm32l0xx_hal_i2c.o
    0x08002028   0x08002028   0x00000058   Code   RO          519    i.I2C_WaitOnFlagUntilTimeout  stm32l0xx_hal_i2c.o
    0x08002080   0x08002080   0x000000b0   Code   RO          520    i.I2C_WaitOnRXNEFlagUntilTimeout  stm32l0xx_hal_i2c.o
    0x08002130   0x08002130   0x0000005a   Code   RO          521    i.I2C_WaitOnSTOPFlagUntilTimeout  stm32l0xx_hal_i2c.o
    0x0800218a   0x0800218a   0x00000060   Code   RO          522    i.I2C_WaitOnTXISFlagUntilTimeout  stm32l0xx_hal_i2c.o
    0x080021ea   0x080021ea   0x00000002   PAD
    0x080021ec   0x080021ec   0x000000ec   Code   RO          171    i.MX_GPIO_Init      gpio.o
    0x080022d8   0x080022d8   0x0000005c   Code   RO          193    i.MX_I2C1_Init      i2c.o
    0x08002334   0x08002334   0x00000044   Code   RO          234    i.MX_USART1_UART_Init  usart.o
    0x08002378   0x08002378   0x00000044   Code   RO          235    i.MX_USART2_UART_Init  usart.o
    0x080023bc   0x080023bc   0x00000002   Code   RO          316    i.NMI_Handler       stm32l0xx_it.o
    0x080023be   0x080023be   0x00000002   PAD
    0x080023c0   0x080023c0   0x00000078   Code   RO         1977    i.NVIC_SetPriority  stm32l0xx_hal_cortex.o
    0x08002438   0x08002438   0x00000002   Code   RO          317    i.PendSV_Handler    stm32l0xx_it.o
    0x0800243a   0x0800243a   0x00000002   PAD
    0x0800243c   0x0800243c   0x00000094   Code   RO          396    i.SHT30_Dat_To_Float  sht30.o
    0x080024d0   0x080024d0   0x00000010   Code   RO          397    i.SHT30_Init        sht30.o
    0x080024e0   0x080024e0   0x00000028   Code   RO          398    i.SHT30_Read_Dat    sht30.o
    0x08002508   0x08002508   0x00000014   Code   RO          399    i.SHT30_Reset       sht30.o
    0x0800251c   0x0800251c   0x00000028   Code   RO          400    i.SHT30_Send_Cmd    sht30.o
    0x08002544   0x08002544   0x00000002   Code   RO          318    i.SVC_Handler       stm32l0xx_it.o
    0x08002546   0x08002546   0x00000008   Code   RO          319    i.SysTick_Handler   stm32l0xx_it.o
    0x0800254e   0x0800254e   0x00000002   PAD
    0x08002550   0x08002550   0x0000009c   Code   RO           13    i.SystemClock_Config  main.o
    0x080025ec   0x080025ec   0x00000068   Code   RO         2529    i.SystemInit        system_stm32l0xx.o
    0x08002654   0x08002654   0x000000f0   Code   RO         2141    i.UART_AdvFeatureConfig  stm32l0xx_hal_uart.o
    0x08002744   0x08002744   0x00000070   Code   RO         2142    i.UART_CheckIdleState  stm32l0xx_hal_uart.o
    0x080027b4   0x080027b4   0x00000018   Code   RO         2143    i.UART_DMAAbortOnError  stm32l0xx_hal_uart.o
    0x080027cc   0x080027cc   0x00000024   Code   RO         2153    i.UART_EndRxTransfer  stm32l0xx_hal_uart.o
    0x080027f0   0x080027f0   0x00000020   Code   RO         2154    i.UART_EndTransmit_IT  stm32l0xx_hal_uart.o
    0x08002810   0x08002810   0x0000006c   Code   RO         2156    i.UART_RxISR_16BIT  stm32l0xx_hal_uart.o
    0x0800287c   0x0800287c   0x0000006c   Code   RO         2157    i.UART_RxISR_8BIT   stm32l0xx_hal_uart.o
    0x080028e8   0x080028e8   0x00000400   Code   RO         2158    i.UART_SetConfig    stm32l0xx_hal_uart.o
    0x08002ce8   0x08002ce8   0x0000006c   Code   RO         2161    i.UART_WaitOnFlagUntilTimeout  stm32l0xx_hal_uart.o
    0x08002d54   0x08002d54   0x00000010   Code   RO          320    i.USART1_IRQHandler  stm32l0xx_it.o
    0x08002d64   0x08002d64   0x00000010   Code   RO          321    i.USART2_IRQHandler  stm32l0xx_it.o
    0x08002d74   0x08002d74   0x00000020   Code   RO         3039    i.__0printf$1       mc_p.l(printf1.o)
    0x08002d94   0x08002d94   0x00000028   Code   RO         3041    i.__0sprintf$1      mc_p.l(printf1.o)
    0x08002dbc   0x08002dbc   0x00000030   Code   RO         2454    i.__ARM_common_ll_muluu  stm32l0xx_hal_uart.o
    0x08002dec   0x08002dec   0x0000001c   Code   RO         1783    i.__ARM_common_switch8  stm32l0xx_hal_dma.o
    0x08002e08   0x08002e08   0x0000000e   Code   RO         3308    i.__scatterload_copy  mc_p.l(handlers.o)
    0x08002e16   0x08002e16   0x00000002   Code   RO         3309    i.__scatterload_null  mc_p.l(handlers.o)
    0x08002e18   0x08002e18   0x0000000e   Code   RO         3310    i.__scatterload_zeroinit  mc_p.l(handlers.o)
    0x08002e26   0x08002e26   0x00000002   PAD
    0x08002e28   0x08002e28   0x00000150   Code   RO         3046    i._printf_core      mc_p.l(printf1.o)
    0x08002f78   0x08002f78   0x0000000a   Code   RO         3048    i._sputc            mc_p.l(printf1.o)
    0x08002f82   0x08002f82   0x00000002   Code   RO         2741    i.all_data_update   protocol.o
    0x08002f84   0x08002f84   0x0000001a   Code   RO         2561    i.byte_to_int       mcu_api.o
    0x08002f9e   0x08002f9e   0x00000002   PAD
    0x08002fa0   0x08002fa0   0x000000dc   Code   RO         2893    i.data_handle       system.o
    0x0800307c   0x0800307c   0x00000040   Code   RO         2894    i.data_point_handle  system.o
    0x080030bc   0x080030bc   0x00000024   Code   RO         2742    i.dp_download_bright_value_handle  protocol.o
    0x080030e0   0x080030e0   0x00000024   Code   RO         2743    i.dp_download_condition4_handle  protocol.o
    0x08003104   0x08003104   0x00000024   Code   RO         2744    i.dp_download_condition_1_handle  protocol.o
    0x08003128   0x08003128   0x00000024   Code   RO         2745    i.dp_download_condition_2_handle  protocol.o
    0x0800314c   0x0800314c   0x00000024   Code   RO         2746    i.dp_download_condition_3_handle  protocol.o
    0x08003170   0x08003170   0x00000024   Code   RO         2747    i.dp_download_condition_5_handle  protocol.o
    0x08003194   0x08003194   0x00000024   Code   RO         2748    i.dp_download_condition_6_handle  protocol.o
    0x080031b8   0x080031b8   0x0000004e   Code   RO         2749    i.dp_download_condition_7_handle  protocol.o
    0x08003206   0x08003206   0x00000040   Code   RO         2750    i.dp_download_condition_8_handle  protocol.o
    0x08003246   0x08003246   0x00000150   Code   RO         2751    i.dp_download_handle  protocol.o
    0x08003396   0x08003396   0x00000024   Code   RO         2752    i.dp_download_hum_periodic_report_handle  protocol.o
    0x080033ba   0x080033ba   0x00000024   Code   RO         2753    i.dp_download_humidity_sampling_handle  protocol.o
    0x080033de   0x080033de   0x00000024   Code   RO         2754    i.dp_download_maxhum_set_handle  protocol.o
    0x08003402   0x08003402   0x00000024   Code   RO         2755    i.dp_download_maxtemp_set_handle  protocol.o
    0x08003426   0x08003426   0x00000024   Code   RO         2756    i.dp_download_minihum_set_handle  protocol.o
    0x0800344a   0x0800344a   0x00000024   Code   RO         2757    i.dp_download_minitemp_set_handle  protocol.o
    0x0800346e   0x0800346e   0x00000024   Code   RO         2758    i.dp_download_switch_handle  protocol.o
    0x08003492   0x08003492   0x00000024   Code   RO         2759    i.dp_download_temp_periodic_report_handle  protocol.o
    0x080034b6   0x080034b6   0x00000024   Code   RO         2760    i.dp_download_temp_sampling_handle  protocol.o
    0x080034da   0x080034da   0x00000024   Code   RO         2761    i.dp_download_temp_set_handle  protocol.o
    0x080034fe   0x080034fe   0x00000036   Code   RO         2762    i.dp_download_temp_unit_convert_handle  protocol.o
    0x08003534   0x08003534   0x0000001c   Code   RO          238    i.fputc             usart.o
    0x08003550   0x08003550   0x0000001c   Code   RO         2895    i.get_check_sum     system.o
    0x0800356c   0x0800356c   0x0000002c   Code   RO         2896    i.get_dowmload_dpid_index  system.o
    0x08003598   0x08003598   0x00000004   Code   RO         2763    i.get_download_cmd_total  protocol.o
    0x0800359c   0x0800359c   0x00000010   Code   RO         2897    i.get_mcu_wifi_mode  system.o
    0x080035ac   0x080035ac   0x00000038   Code   RO         2898    i.heat_beat_check   system.o
    0x080035e4   0x080035e4   0x0000023c   Code   RO           14    i.main              main.o
    0x08003820   0x08003820   0x00000068   Code   RO         2564    i.mcu_dp_bool_update  mcu_api.o
    0x08003888   0x08003888   0x00000058   Code   RO         2565    i.mcu_dp_enum_update  mcu_api.o
    0x080038e0   0x080038e0   0x00000078   Code   RO         2569    i.mcu_dp_value_update  mcu_api.o
    0x08003958   0x08003958   0x00000006   Code   RO         2570    i.mcu_get_dp_download_bool  mcu_api.o
    0x0800395e   0x0800395e   0x00000006   Code   RO         2571    i.mcu_get_dp_download_enum  mcu_api.o
    0x08003964   0x08003964   0x0000000e   Code   RO         2572    i.mcu_get_dp_download_value  mcu_api.o
    0x08003972   0x08003972   0x00000002   PAD
    0x08003974   0x08003974   0x0000000c   Code   RO         2574    i.mcu_get_wifi_work_state  mcu_api.o
    0x08003980   0x08003980   0x00000028   Code   RO         2577    i.mcu_set_wifi_mode  mcu_api.o
    0x080039a8   0x080039a8   0x0000004c   Code   RO         2579    i.my_memcpy         mcu_api.o
    0x080039f4   0x080039f4   0x0000001c   Code   RO         2583    i.my_strlen         mcu_api.o
    0x08003a10   0x08003a10   0x000000e0   Code   RO         2899    i.product_info_update  system.o
    0x08003af0   0x08003af0   0x00000024   Code   RO         2900    i.set_wifi_uart_buffer  system.o
    0x08003b14   0x08003b14   0x00000010   Code   RO         2901    i.set_wifi_uart_byte  system.o
    0x08003b24   0x08003b24   0x0000003c   Code   RO         2902    i.take_byte_rxbuff  system.o
    0x08003b60   0x08003b60   0x00000058   Code   RO         2585    i.uart_receive_input  mcu_api.o
    0x08003bb8   0x08003bb8   0x00000020   Code   RO         2764    i.uart_transmit_output  protocol.o
    0x08003bd8   0x08003bd8   0x0000002c   Code   RO         2586    i.wifi_protocol_init  mcu_api.o
    0x08003c04   0x08003c04   0x0000000c   Code   RO         2765    i.wifi_test_result  protocol.o
    0x08003c10   0x08003c10   0x000000f0   Code   RO         2587    i.wifi_uart_service  mcu_api.o
    0x08003d00   0x08003d00   0x00000028   Code   RO         2903    i.wifi_uart_write_data  system.o
    0x08003d28   0x08003d28   0x00000044   Code   RO         2904    i.wifi_uart_write_frame  system.o
    0x08003d6c   0x08003d6c   0x0000001c   Code   RO         2905    i.with_data_rxbuff  system.o
    0x08003d88   0x08003d88   0x00000021   Data   RO         2530    .constdata          system_stm32l0xx.o
    0x08003da9   0x08003da9   0x0000003a   Data   RO         2766    .constdata          protocol.o
    0x08003de3   0x08003de3   0x00000001   PAD
    0x08003de4   0x08003de4   0x00000020   Data   RO         3306    Region$$Table       anon$$obj.o


    Execution Region RW_IRAM1 (Exec base: 0x20000000, Load base: 0x08003e04, Size: 0x00000800, Max: 0x00005000, ABSOLUTE)

    Exec Addr    Load Addr    Size         Type   Attr      Idx    E Section Name        Object

    0x20000000   0x08003e04   0x00000001   Data   RW           15    .data               main.o
    0x20000001   0x08003e05   0x00000003   PAD
    0x20000004   0x08003e08   0x00000018   Data   RW          240    .data               usart.o
    0x2000001c   0x08003e20   0x00000009   Data   RW          983    .data               stm32l0xx_hal.o
    0x20000025   0x08003e29   0x00000003   PAD
    0x20000028   0x08003e2c   0x00000004   Data   RW         2531    .data               system_stm32l0xx.o
    0x2000002c   0x08003e30   0x00000002   Data   RW         2588    .data               mcu_api.o
    0x2000002e   0x08003e32   0x00000001   Data   RW         2767    .data               protocol.o
    0x2000002f   0x08003e33   0x00000001   PAD
    0x20000030   0x08003e34   0x0000000d   Data   RW         2907    .data               system.o
    0x2000003d   0x08003e41   0x00000003   PAD
    0x20000040        -       0x0000004c   Zero   RW          194    .bss                i2c.o
    0x2000008c        -       0x00000300   Zero   RW          239    .bss                usart.o
    0x2000038c        -       0x0000006d   Zero   RW         2906    .bss                system.o
    0x200003f9   0x08003e41   0x00000007   PAD
    0x20000400        -       0x00000400   Zero   RW            1    STACK               startup_stm32l071xx.o


==============================================================================

Image component sizes


      Code (inc. data)   RO Data    RW Data    ZI Data      Debug   Object Name

       236         14          0          0          0        907   gpio.o
       204         26          0          0         76       1461   i2c.o
       734        184          0          1          0     311708   main.o
       892         70          0          2          0       8368   mcu_api.o
      1194         44         58          1          0      17232   protocol.o
       328         48          0          0          0       3565   sht30.o
        28          8        192          0       1024        596   startup_stm32l071xx.o
       208         40          0          9          0       8929   stm32l0xx_hal.o
       218         26          0          0          0      10533   stm32l0xx_hal_cortex.o
       120          0          0          0          0       1047   stm32l0xx_hal_dma.o
       536         32          0          0          0       2745   stm32l0xx_hal_gpio.o
      1656         40          0          0          0       9546   stm32l0xx_hal_i2c.o
       222          0          0          0          0       1791   stm32l0xx_hal_i2c_ex.o
        32          6          0          0          0        406   stm32l0xx_hal_msp.o
      2412         98          0          0          0       5900   stm32l0xx_hal_rcc.o
       588         12          0          0          0       1412   stm32l0xx_hal_rcc_ex.o
      2966         78          0          0          0      11588   stm32l0xx_hal_uart.o
         2          0          0          0          0        868   stm32l0xx_hal_uart_ex.o
        50         12          0          0          0       2819   stm32l0xx_it.o
       900        144          0         13        109       9562   system.o
       104         16         33          4          0       1127   system_stm32l0xx.o
       548         72          0         24        768       5268   usart.o

    ----------------------------------------------------------------------
     14198        970        316         64       1984     417378   Object Totals
         0          0         32          0          0          0   (incl. Generated)
        20          0          1         10          7          0   (incl. Padding)

    ----------------------------------------------------------------------

      Code (inc. data)   RO Data    RW Data    ZI Data      Debug   Library Member Name

         0          0          0          0          0          0   entry.o
         0          0          0          0          0          0   entry10a.o
         0          0          0          0          0          0   entry11a.o
         4          0          0          0          0          0   entry12b.o
         8          4          0          0          0          0   entry2.o
         4          0          0          0          0          0   entry5.o
         0          0          0          0          0          0   entry7b.o
         0          0          0          0          0          0   entry8b.o
         8          4          0          0          0          0   entry9a.o
        30          0          0          0          0          0   handlers.o
        36          8          0          0          0         68   init.o
         0          0          0          0          0          0   iusefp.o
        32          0          0          0          0         68   llshl.o
        34          0          0          0          0         68   llushr.o
        36          0          0          0          0        100   memseta.o
       418         16          0          0          0        312   printf1.o
        44          0          0          0          0         72   uidiv.o
        96          0          0          0          0         84   uldiv.o
       178          0          0          0          0        108   fadd.o
       124          0          0          0          0         72   fdiv.o
       130          0          0          0          0        144   fepilogue.o
        40          0          0          0          0         60   ffixui.o
        14          0          0          0          0         68   ffltui.o
       122          0          0          0          0         72   fmul.o

    ----------------------------------------------------------------------
      1362         32          0          0          0       1296   Library Totals
         4          0          0          0          0          0   (incl. Padding)

    ----------------------------------------------------------------------

      Code (inc. data)   RO Data    RW Data    ZI Data      Debug   Library Name

       750         32          0          0          0        772   mc_p.l
       608          0          0          0          0        524   mf_p.l

    ----------------------------------------------------------------------
      1362         32          0          0          0       1296   Library Totals

    ----------------------------------------------------------------------

==============================================================================


      Code (inc. data)   RO Data    RW Data    ZI Data      Debug   

     15560       1002        316         64       1984     412842   Grand Totals
     15560       1002        316         64       1984     412842   ELF Image Totals
     15560       1002        316         64          0          0   ROM Totals

==============================================================================

    Total RO  Size (Code + RO Data)                15876 (  15.50kB)
    Total RW  Size (RW Data + ZI Data)              2048 (   2.00kB)
    Total ROM Size (Code + RO Data + RW Data)      15940 (  15.57kB)

==============================================================================

